[    0.000000] Linux version 5.15.0+ (gk@ubuntu) (gcc (Ubuntu 9.3.0-17ubuntu1~20.04) 9.3.0, GNU ld (GNU Binutils for Ubuntu) 2.34) #2 SMP PREEMPT Wed Nov 10 17:38:07 PST 2021
[    0.000000] Command line: BOOT_IMAGE=/boot/vmlinuz-5.15.0+ root=UUID=ca5cc43b-9b0a-454f-9a8b-2a4dd8cebe1d ro find_preseed=/preseed.cfg auto noprompt priority=critical locale=en_US quiet
[    0.000000] KERNEL supported cpus:
[    0.000000]   Intel GenuineIntel
[    0.000000]   AMD AuthenticAMD
[    0.000000]   Hygon HygonGenuine
[    0.000000]   Centaur CentaurHauls
[    0.000000]   zhaoxin   Shanghai  
[    0.000000] Disabled fast string operations
[    0.000000] x86/fpu: Supporting XSAVE feature 0x001: 'x87 floating point registers'
[    0.000000] x86/fpu: Supporting XSAVE feature 0x002: 'SSE registers'
[    0.000000] x86/fpu: Supporting XSAVE feature 0x004: 'AVX registers'
[    0.000000] x86/fpu: xstate_offset[2]:  576, xstate_sizes[2]:  256
[    0.000000] x86/fpu: Enabled xstate features 0x7, context size is 832 bytes, using 'compacted' format.
[    0.000000] signal: max sigframe size: 1776
[    0.000000] BIOS-provided physical RAM map:
[    0.000000] BIOS-e820: [mem 0x0000000000000000-0x000000000009e7ff] usable
[    0.000000] BIOS-e820: [mem 0x000000000009e800-0x000000000009ffff] reserved
[    0.000000] BIOS-e820: [mem 0x00000000000dc000-0x00000000000fffff] reserved
[    0.000000] BIOS-e820: [mem 0x0000000000100000-0x00000000bfecffff] usable
[    0.000000] BIOS-e820: [mem 0x00000000bfed0000-0x00000000bfefefff] ACPI data
[    0.000000] BIOS-e820: [mem 0x00000000bfeff000-0x00000000bfefffff] ACPI NVS
[    0.000000] BIOS-e820: [mem 0x00000000bff00000-0x00000000bfffffff] usable
[    0.000000] BIOS-e820: [mem 0x00000000f0000000-0x00000000f7ffffff] reserved
[    0.000000] BIOS-e820: [mem 0x00000000fec00000-0x00000000fec0ffff] reserved
[    0.000000] BIOS-e820: [mem 0x00000000fee00000-0x00000000fee00fff] reserved
[    0.000000] BIOS-e820: [mem 0x00000000fffe0000-0x00000000ffffffff] reserved
[    0.000000] BIOS-e820: [mem 0x0000000100000000-0x000000023fffffff] usable
[    0.000000] NX (Execute Disable) protection: active
[    0.000000] SMBIOS 2.7 present.
[    0.000000] DMI: VMware, Inc. VMware Virtual Platform/440BX Desktop Reference Platform, BIOS 6.00 11/12/2020
[    0.000000] vmware: hypercall mode: 0x02
[    0.000000] Hypervisor detected: VMware
[    0.000000] vmware: TSC freq read from hypervisor : 2808.004 MHz
[    0.000000] vmware: Host bus clock speed read from hypervisor : 66000000 Hz
[    0.000000] vmware: using clock offset of 16736807508 ns
[    0.000016] tsc: Detected 2808.004 MHz processor
[    0.001140] e820: update [mem 0x00000000-0x00000fff] usable ==> reserved
[    0.001143] e820: remove [mem 0x000a0000-0x000fffff] usable
[    0.001147] last_pfn = 0x240000 max_arch_pfn = 0x400000000
[    0.001168] x86/PAT: Configuration [0-7]: WB  WC  UC- UC  WB  WP  UC- WT  
[    0.001178] total RAM covered: 261120M
[    0.001273]  gran_size: 64K 	chunk_size: 64K 	num_reg: 8  	lose cover RAM: 0G
[    0.001275]  gran_size: 64K 	chunk_size: 128K 	num_reg: 8  	lose cover RAM: 0G
[    0.001276]  gran_size: 64K 	chunk_size: 256K 	num_reg: 8  	lose cover RAM: 0G
[    0.001277]  gran_size: 64K 	chunk_size: 512K 	num_reg: 8  	lose cover RAM: 0G
[    0.001278]  gran_size: 64K 	chunk_size: 1M 	num_reg: 8  	lose cover RAM: 0G
[    0.001279]  gran_size: 64K 	chunk_size: 2M 	num_reg: 8  	lose cover RAM: 0G
[    0.001280]  gran_size: 64K 	chunk_size: 4M 	num_reg: 8  	lose cover RAM: 0G
[    0.001281]  gran_size: 64K 	chunk_size: 8M 	num_reg: 8  	lose cover RAM: 0G
[    0.001282]  gran_size: 64K 	chunk_size: 16M 	num_reg: 8  	lose cover RAM: 0G
[    0.001283]  gran_size: 64K 	chunk_size: 32M 	num_reg: 8  	lose cover RAM: 0G
[    0.001284]  gran_size: 64K 	chunk_size: 64M 	num_reg: 8  	lose cover RAM: 0G
[    0.001285]  gran_size: 64K 	chunk_size: 128M 	num_reg: 8  	lose cover RAM: 0G
[    0.001286]  gran_size: 64K 	chunk_size: 256M 	num_reg: 8  	lose cover RAM: 0G
[    0.001287]  gran_size: 64K 	chunk_size: 512M 	num_reg: 8  	lose cover RAM: 0G
[    0.001288]  gran_size: 64K 	chunk_size: 1G 	num_reg: 8  	lose cover RAM: 0G
[    0.001289]  gran_size: 64K 	chunk_size: 2G 	num_reg: 8  	lose cover RAM: 0G
[    0.001290]  gran_size: 128K 	chunk_size: 128K 	num_reg: 8  	lose cover RAM: 0G
[    0.001291]  gran_size: 128K 	chunk_size: 256K 	num_reg: 8  	lose cover RAM: 0G
[    0.001292]  gran_size: 128K 	chunk_size: 512K 	num_reg: 8  	lose cover RAM: 0G
[    0.001293]  gran_size: 128K 	chunk_size: 1M 	num_reg: 8  	lose cover RAM: 0G
[    0.001294]  gran_size: 128K 	chunk_size: 2M 	num_reg: 8  	lose cover RAM: 0G
[    0.001295]  gran_size: 128K 	chunk_size: 4M 	num_reg: 8  	lose cover RAM: 0G
[    0.001296]  gran_size: 128K 	chunk_size: 8M 	num_reg: 8  	lose cover RAM: 0G
[    0.001297]  gran_size: 128K 	chunk_size: 16M 	num_reg: 8  	lose cover RAM: 0G
[    0.001298]  gran_size: 128K 	chunk_size: 32M 	num_reg: 8  	lose cover RAM: 0G
[    0.001299]  gran_size: 128K 	chunk_size: 64M 	num_reg: 8  	lose cover RAM: 0G
[    0.001300]  gran_size: 128K 	chunk_size: 128M 	num_reg: 8  	lose cover RAM: 0G
[    0.001301]  gran_size: 128K 	chunk_size: 256M 	num_reg: 8  	lose cover RAM: 0G
[    0.001302]  gran_size: 128K 	chunk_size: 512M 	num_reg: 8  	lose cover RAM: 0G
[    0.001303]  gran_size: 128K 	chunk_size: 1G 	num_reg: 8  	lose cover RAM: 0G
[    0.001304]  gran_size: 128K 	chunk_size: 2G 	num_reg: 8  	lose cover RAM: 0G
[    0.001305]  gran_size: 256K 	chunk_size: 256K 	num_reg: 8  	lose cover RAM: 0G
[    0.001306]  gran_size: 256K 	chunk_size: 512K 	num_reg: 8  	lose cover RAM: 0G
[    0.001307]  gran_size: 256K 	chunk_size: 1M 	num_reg: 8  	lose cover RAM: 0G
[    0.001308]  gran_size: 256K 	chunk_size: 2M 	num_reg: 8  	lose cover RAM: 0G
[    0.001309]  gran_size: 256K 	chunk_size: 4M 	num_reg: 8  	lose cover RAM: 0G
[    0.001310]  gran_size: 256K 	chunk_size: 8M 	num_reg: 8  	lose cover RAM: 0G
[    0.001311]  gran_size: 256K 	chunk_size: 16M 	num_reg: 8  	lose cover RAM: 0G
[    0.001312]  gran_size: 256K 	chunk_size: 32M 	num_reg: 8  	lose cover RAM: 0G
[    0.001313]  gran_size: 256K 	chunk_size: 64M 	num_reg: 8  	lose cover RAM: 0G
[    0.001313]  gran_size: 256K 	chunk_size: 128M 	num_reg: 8  	lose cover RAM: 0G
[    0.001314]  gran_size: 256K 	chunk_size: 256M 	num_reg: 8  	lose cover RAM: 0G
[    0.001315]  gran_size: 256K 	chunk_size: 512M 	num_reg: 8  	lose cover RAM: 0G
[    0.001316]  gran_size: 256K 	chunk_size: 1G 	num_reg: 8  	lose cover RAM: 0G
[    0.001317]  gran_size: 256K 	chunk_size: 2G 	num_reg: 8  	lose cover RAM: 0G
[    0.001318]  gran_size: 512K 	chunk_size: 512K 	num_reg: 8  	lose cover RAM: 0G
[    0.001319]  gran_size: 512K 	chunk_size: 1M 	num_reg: 8  	lose cover RAM: 0G
[    0.001320]  gran_size: 512K 	chunk_size: 2M 	num_reg: 8  	lose cover RAM: 0G
[    0.001321]  gran_size: 512K 	chunk_size: 4M 	num_reg: 8  	lose cover RAM: 0G
[    0.001322]  gran_size: 512K 	chunk_size: 8M 	num_reg: 8  	lose cover RAM: 0G
[    0.001323]  gran_size: 512K 	chunk_size: 16M 	num_reg: 8  	lose cover RAM: 0G
[    0.001324]  gran_size: 512K 	chunk_size: 32M 	num_reg: 8  	lose cover RAM: 0G
[    0.001325]  gran_size: 512K 	chunk_size: 64M 	num_reg: 8  	lose cover RAM: 0G
[    0.001326]  gran_size: 512K 	chunk_size: 128M 	num_reg: 8  	lose cover RAM: 0G
[    0.001327]  gran_size: 512K 	chunk_size: 256M 	num_reg: 8  	lose cover RAM: 0G
[    0.001328]  gran_size: 512K 	chunk_size: 512M 	num_reg: 8  	lose cover RAM: 0G
[    0.001329]  gran_size: 512K 	chunk_size: 1G 	num_reg: 8  	lose cover RAM: 0G
[    0.001330]  gran_size: 512K 	chunk_size: 2G 	num_reg: 8  	lose cover RAM: 0G
[    0.001331]  gran_size: 1M 	chunk_size: 1M 	num_reg: 8  	lose cover RAM: 0G
[    0.001332]  gran_size: 1M 	chunk_size: 2M 	num_reg: 8  	lose cover RAM: 0G
[    0.001333]  gran_size: 1M 	chunk_size: 4M 	num_reg: 8  	lose cover RAM: 0G
[    0.001334]  gran_size: 1M 	chunk_size: 8M 	num_reg: 8  	lose cover RAM: 0G
[    0.001335]  gran_size: 1M 	chunk_size: 16M 	num_reg: 8  	lose cover RAM: 0G
[    0.001336]  gran_size: 1M 	chunk_size: 32M 	num_reg: 8  	lose cover RAM: 0G
[    0.001337]  gran_size: 1M 	chunk_size: 64M 	num_reg: 8  	lose cover RAM: 0G
[    0.001338]  gran_size: 1M 	chunk_size: 128M 	num_reg: 8  	lose cover RAM: 0G
[    0.001339]  gran_size: 1M 	chunk_size: 256M 	num_reg: 8  	lose cover RAM: 0G
[    0.001340]  gran_size: 1M 	chunk_size: 512M 	num_reg: 8  	lose cover RAM: 0G
[    0.001341]  gran_size: 1M 	chunk_size: 1G 	num_reg: 8  	lose cover RAM: 0G
[    0.001342]  gran_size: 1M 	chunk_size: 2G 	num_reg: 8  	lose cover RAM: 0G
[    0.001343]  gran_size: 2M 	chunk_size: 2M 	num_reg: 8  	lose cover RAM: 0G
[    0.001344]  gran_size: 2M 	chunk_size: 4M 	num_reg: 8  	lose cover RAM: 0G
[    0.001345]  gran_size: 2M 	chunk_size: 8M 	num_reg: 8  	lose cover RAM: 0G
[    0.001346]  gran_size: 2M 	chunk_size: 16M 	num_reg: 8  	lose cover RAM: 0G
[    0.001346]  gran_size: 2M 	chunk_size: 32M 	num_reg: 8  	lose cover RAM: 0G
[    0.001347]  gran_size: 2M 	chunk_size: 64M 	num_reg: 8  	lose cover RAM: 0G
[    0.001348]  gran_size: 2M 	chunk_size: 128M 	num_reg: 8  	lose cover RAM: 0G
[    0.001349]  gran_size: 2M 	chunk_size: 256M 	num_reg: 8  	lose cover RAM: 0G
[    0.001350]  gran_size: 2M 	chunk_size: 512M 	num_reg: 8  	lose cover RAM: 0G
[    0.001351]  gran_size: 2M 	chunk_size: 1G 	num_reg: 8  	lose cover RAM: 0G
[    0.001352]  gran_size: 2M 	chunk_size: 2G 	num_reg: 8  	lose cover RAM: 0G
[    0.001353]  gran_size: 4M 	chunk_size: 4M 	num_reg: 8  	lose cover RAM: 0G
[    0.001354]  gran_size: 4M 	chunk_size: 8M 	num_reg: 8  	lose cover RAM: 0G
[    0.001355]  gran_size: 4M 	chunk_size: 16M 	num_reg: 8  	lose cover RAM: 0G
[    0.001356]  gran_size: 4M 	chunk_size: 32M 	num_reg: 8  	lose cover RAM: 0G
[    0.001357]  gran_size: 4M 	chunk_size: 64M 	num_reg: 8  	lose cover RAM: 0G
[    0.001358]  gran_size: 4M 	chunk_size: 128M 	num_reg: 8  	lose cover RAM: 0G
[    0.001359]  gran_size: 4M 	chunk_size: 256M 	num_reg: 8  	lose cover RAM: 0G
[    0.001360]  gran_size: 4M 	chunk_size: 512M 	num_reg: 8  	lose cover RAM: 0G
[    0.001361]  gran_size: 4M 	chunk_size: 1G 	num_reg: 8  	lose cover RAM: 0G
[    0.001362]  gran_size: 4M 	chunk_size: 2G 	num_reg: 8  	lose cover RAM: 0G
[    0.001363]  gran_size: 8M 	chunk_size: 8M 	num_reg: 8  	lose cover RAM: 0G
[    0.001364]  gran_size: 8M 	chunk_size: 16M 	num_reg: 8  	lose cover RAM: 0G
[    0.001365]  gran_size: 8M 	chunk_size: 32M 	num_reg: 8  	lose cover RAM: 0G
[    0.001366]  gran_size: 8M 	chunk_size: 64M 	num_reg: 8  	lose cover RAM: 0G
[    0.001367]  gran_size: 8M 	chunk_size: 128M 	num_reg: 8  	lose cover RAM: 0G
[    0.001368]  gran_size: 8M 	chunk_size: 256M 	num_reg: 8  	lose cover RAM: 0G
[    0.001369]  gran_size: 8M 	chunk_size: 512M 	num_reg: 8  	lose cover RAM: 0G
[    0.001370]  gran_size: 8M 	chunk_size: 1G 	num_reg: 8  	lose cover RAM: 0G
[    0.001371]  gran_size: 8M 	chunk_size: 2G 	num_reg: 8  	lose cover RAM: 0G
[    0.001372]  gran_size: 16M 	chunk_size: 16M 	num_reg: 8  	lose cover RAM: 0G
[    0.001373]  gran_size: 16M 	chunk_size: 32M 	num_reg: 8  	lose cover RAM: 0G
[    0.001374]  gran_size: 16M 	chunk_size: 64M 	num_reg: 8  	lose cover RAM: 0G
[    0.001374]  gran_size: 16M 	chunk_size: 128M 	num_reg: 8  	lose cover RAM: 0G
[    0.001375]  gran_size: 16M 	chunk_size: 256M 	num_reg: 8  	lose cover RAM: 0G
[    0.001376]  gran_size: 16M 	chunk_size: 512M 	num_reg: 8  	lose cover RAM: 0G
[    0.001377]  gran_size: 16M 	chunk_size: 1G 	num_reg: 8  	lose cover RAM: 0G
[    0.001378]  gran_size: 16M 	chunk_size: 2G 	num_reg: 8  	lose cover RAM: 0G
[    0.001379]  gran_size: 32M 	chunk_size: 32M 	num_reg: 8  	lose cover RAM: 0G
[    0.001380]  gran_size: 32M 	chunk_size: 64M 	num_reg: 8  	lose cover RAM: 0G
[    0.001381]  gran_size: 32M 	chunk_size: 128M 	num_reg: 8  	lose cover RAM: 0G
[    0.001382]  gran_size: 32M 	chunk_size: 256M 	num_reg: 8  	lose cover RAM: 0G
[    0.001383]  gran_size: 32M 	chunk_size: 512M 	num_reg: 8  	lose cover RAM: 0G
[    0.001384]  gran_size: 32M 	chunk_size: 1G 	num_reg: 8  	lose cover RAM: 0G
[    0.001385]  gran_size: 32M 	chunk_size: 2G 	num_reg: 8  	lose cover RAM: 0G
[    0.001386]  gran_size: 64M 	chunk_size: 64M 	num_reg: 8  	lose cover RAM: 0G
[    0.001387]  gran_size: 64M 	chunk_size: 128M 	num_reg: 8  	lose cover RAM: 0G
[    0.001388]  gran_size: 64M 	chunk_size: 256M 	num_reg: 8  	lose cover RAM: 0G
[    0.001389]  gran_size: 64M 	chunk_size: 512M 	num_reg: 8  	lose cover RAM: 0G
[    0.001390]  gran_size: 64M 	chunk_size: 1G 	num_reg: 8  	lose cover RAM: 0G
[    0.001391]  gran_size: 64M 	chunk_size: 2G 	num_reg: 8  	lose cover RAM: 0G
[    0.001392]  gran_size: 128M 	chunk_size: 128M 	num_reg: 8  	lose cover RAM: 0G
[    0.001393]  gran_size: 128M 	chunk_size: 256M 	num_reg: 8  	lose cover RAM: 0G
[    0.001394]  gran_size: 128M 	chunk_size: 512M 	num_reg: 8  	lose cover RAM: 0G
[    0.001395]  gran_size: 128M 	chunk_size: 1G 	num_reg: 8  	lose cover RAM: 0G
[    0.001396]  gran_size: 128M 	chunk_size: 2G 	num_reg: 8  	lose cover RAM: 0G
[    0.001397]  gran_size: 256M 	chunk_size: 256M 	num_reg: 8  	lose cover RAM: 0G
[    0.001398]  gran_size: 256M 	chunk_size: 512M 	num_reg: 8  	lose cover RAM: 0G
[    0.001399]  gran_size: 256M 	chunk_size: 1G 	num_reg: 8  	lose cover RAM: 0G
[    0.001400]  gran_size: 256M 	chunk_size: 2G 	num_reg: 8  	lose cover RAM: 0G
[    0.001401]  gran_size: 512M 	chunk_size: 512M 	num_reg: 8  	lose cover RAM: 0G
[    0.001402]  gran_size: 512M 	chunk_size: 1G 	num_reg: 8  	lose cover RAM: 0G
[    0.001403]  gran_size: 512M 	chunk_size: 2G 	num_reg: 8  	lose cover RAM: 0G
[    0.001404]  gran_size: 1G 	chunk_size: 1G 	num_reg: 8  	lose cover RAM: 0G
[    0.001405]  gran_size: 1G 	chunk_size: 2G 	num_reg: 8  	lose cover RAM: 0G
[    0.001406]  gran_size: 2G 	chunk_size: 2G 	num_reg: 7  	lose cover RAM: 1G
[    0.001407] mtrr_cleanup: can not find optimal value
[    0.001407] please specify mtrr_gran_size/mtrr_chunk_size
[    0.001412] e820: update [mem 0xc0000000-0xffffffff] usable ==> reserved
[    0.001417] last_pfn = 0xc0000 max_arch_pfn = 0x400000000
[    0.009419] found SMP MP-table at [mem 0x000f6a70-0x000f6a7f]
[    0.009439] Using GB pages for direct mapping
[    0.009575] RAMDISK: [mem 0x3138f000-0x349befff]
[    0.009580] ACPI: Early table checksum verification disabled
[    0.009583] ACPI: RSDP 0x00000000000F6A00 000024 (v02 PTLTD )
[    0.009587] ACPI: XSDT 0x00000000BFEDB633 00005C (v01 INTEL  440BX    06040000 VMW  01324272)
[    0.009593] ACPI: FACP 0x00000000BFEFEE73 0000F4 (v04 INTEL  440BX    06040000 PTL  000F4240)
[    0.009601] ACPI: DSDT 0x00000000BFEDD001 021E72 (v01 PTLTD  Custom   06040000 MSFT 03000001)
[    0.009606] ACPI: FACS 0x00000000BFEFFFC0 000040
[    0.009609] ACPI: FACS 0x00000000BFEFFFC0 000040
[    0.009612] ACPI: BOOT 0x00000000BFEDCFB4 000028 (v01 PTLTD  $SBFTBL$ 06040000  LTP 00000001)
[    0.009615] ACPI: APIC 0x00000000BFEDC872 000742 (v01 PTLTD  ? APIC   06040000  LTP 00000000)
[    0.009618] ACPI: MCFG 0x00000000BFEDC836 00003C (v01 PTLTD  $PCITBL$ 06040000  LTP 00000001)
[    0.009622] ACPI: SRAT 0x00000000BFEDB72F 0008D0 (v02 VMWARE MEMPLUG  06040000 VMW  00000001)
[    0.009625] ACPI: HPET 0x00000000BFEDB6F7 000038 (v01 VMWARE VMW HPET 06040000 VMW  00000001)
[    0.009628] ACPI: WAET 0x00000000BFEDB6CF 000028 (v01 VMWARE VMW WAET 06040000 VMW  00000001)
[    0.009630] ACPI: Reserving FACP table memory at [mem 0xbfefee73-0xbfefef66]
[    0.009632] ACPI: Reserving DSDT table memory at [mem 0xbfedd001-0xbfefee72]
[    0.009632] ACPI: Reserving FACS table memory at [mem 0xbfefffc0-0xbfefffff]
[    0.009633] ACPI: Reserving FACS table memory at [mem 0xbfefffc0-0xbfefffff]
[    0.009634] ACPI: Reserving BOOT table memory at [mem 0xbfedcfb4-0xbfedcfdb]
[    0.009634] ACPI: Reserving APIC table memory at [mem 0xbfedc872-0xbfedcfb3]
[    0.009635] ACPI: Reserving MCFG table memory at [mem 0xbfedc836-0xbfedc871]
[    0.009636] ACPI: Reserving SRAT table memory at [mem 0xbfedb72f-0xbfedbffe]
[    0.009636] ACPI: Reserving HPET table memory at [mem 0xbfedb6f7-0xbfedb72e]
[    0.009637] ACPI: Reserving WAET table memory at [mem 0xbfedb6cf-0xbfedb6f6]
[    0.009672] system APIC only can use physical flat
[    0.009673] Setting APIC routing to physical flat.
[    0.009709] SRAT: PXM 0 -> APIC 0x00 -> Node 0
[    0.009711] SRAT: PXM 0 -> APIC 0x02 -> Node 0
[    0.009711] SRAT: PXM 0 -> APIC 0x04 -> Node 0
[    0.009712] SRAT: PXM 0 -> APIC 0x06 -> Node 0
[    0.009712] SRAT: PXM 0 -> APIC 0x08 -> Node 0
[    0.009713] SRAT: PXM 0 -> APIC 0x0a -> Node 0
[    0.009713] SRAT: PXM 0 -> APIC 0x0c -> Node 0
[    0.009714] SRAT: PXM 0 -> APIC 0x0e -> Node 0
[    0.009714] SRAT: PXM 0 -> APIC 0x10 -> Node 0
[    0.009715] SRAT: PXM 0 -> APIC 0x12 -> Node 0
[    0.009716] SRAT: PXM 0 -> APIC 0x14 -> Node 0
[    0.009716] SRAT: PXM 0 -> APIC 0x16 -> Node 0
[    0.009717] SRAT: PXM 0 -> APIC 0x18 -> Node 0
[    0.009717] SRAT: PXM 0 -> APIC 0x1a -> Node 0
[    0.009718] SRAT: PXM 0 -> APIC 0x1c -> Node 0
[    0.009718] SRAT: PXM 0 -> APIC 0x1e -> Node 0
[    0.009719] SRAT: PXM 0 -> APIC 0x20 -> Node 0
[    0.009719] SRAT: PXM 0 -> APIC 0x22 -> Node 0
[    0.009720] SRAT: PXM 0 -> APIC 0x24 -> Node 0
[    0.009720] SRAT: PXM 0 -> APIC 0x26 -> Node 0
[    0.009721] SRAT: PXM 0 -> APIC 0x28 -> Node 0
[    0.009721] SRAT: PXM 0 -> APIC 0x2a -> Node 0
[    0.009722] SRAT: PXM 0 -> APIC 0x2c -> Node 0
[    0.009722] SRAT: PXM 0 -> APIC 0x2e -> Node 0
[    0.009723] SRAT: PXM 0 -> APIC 0x30 -> Node 0
[    0.009723] SRAT: PXM 0 -> APIC 0x32 -> Node 0
[    0.009724] SRAT: PXM 0 -> APIC 0x34 -> Node 0
[    0.009724] SRAT: PXM 0 -> APIC 0x36 -> Node 0
[    0.009725] SRAT: PXM 0 -> APIC 0x38 -> Node 0
[    0.009725] SRAT: PXM 0 -> APIC 0x3a -> Node 0
[    0.009726] SRAT: PXM 0 -> APIC 0x3c -> Node 0
[    0.009726] SRAT: PXM 0 -> APIC 0x3e -> Node 0
[    0.009727] SRAT: PXM 0 -> APIC 0x40 -> Node 0
[    0.009727] SRAT: PXM 0 -> APIC 0x42 -> Node 0
[    0.009728] SRAT: PXM 0 -> APIC 0x44 -> Node 0
[    0.009729] SRAT: PXM 0 -> APIC 0x46 -> Node 0
[    0.009729] SRAT: PXM 0 -> APIC 0x48 -> Node 0
[    0.009730] SRAT: PXM 0 -> APIC 0x4a -> Node 0
[    0.009730] SRAT: PXM 0 -> APIC 0x4c -> Node 0
[    0.009731] SRAT: PXM 0 -> APIC 0x4e -> Node 0
[    0.009731] SRAT: PXM 0 -> APIC 0x50 -> Node 0
[    0.009732] SRAT: PXM 0 -> APIC 0x52 -> Node 0
[    0.009732] SRAT: PXM 0 -> APIC 0x54 -> Node 0
[    0.009733] SRAT: PXM 0 -> APIC 0x56 -> Node 0
[    0.009733] SRAT: PXM 0 -> APIC 0x58 -> Node 0
[    0.009734] SRAT: PXM 0 -> APIC 0x5a -> Node 0
[    0.009734] SRAT: PXM 0 -> APIC 0x5c -> Node 0
[    0.009735] SRAT: PXM 0 -> APIC 0x5e -> Node 0
[    0.009735] SRAT: PXM 0 -> APIC 0x60 -> Node 0
[    0.009736] SRAT: PXM 0 -> APIC 0x62 -> Node 0
[    0.009736] SRAT: PXM 0 -> APIC 0x64 -> Node 0
[    0.009737] SRAT: PXM 0 -> APIC 0x66 -> Node 0
[    0.009737] SRAT: PXM 0 -> APIC 0x68 -> Node 0
[    0.009738] SRAT: PXM 0 -> APIC 0x6a -> Node 0
[    0.009738] SRAT: PXM 0 -> APIC 0x6c -> Node 0
[    0.009739] SRAT: PXM 0 -> APIC 0x6e -> Node 0
[    0.009739] SRAT: PXM 0 -> APIC 0x70 -> Node 0
[    0.009740] SRAT: PXM 0 -> APIC 0x72 -> Node 0
[    0.009740] SRAT: PXM 0 -> APIC 0x74 -> Node 0
[    0.009741] SRAT: PXM 0 -> APIC 0x76 -> Node 0
[    0.009741] SRAT: PXM 0 -> APIC 0x78 -> Node 0
[    0.009742] SRAT: PXM 0 -> APIC 0x7a -> Node 0
[    0.009742] SRAT: PXM 0 -> APIC 0x7c -> Node 0
[    0.009743] SRAT: PXM 0 -> APIC 0x7e -> Node 0
[    0.009743] SRAT: PXM 0 -> APIC 0x80 -> Node 0
[    0.009744] SRAT: PXM 0 -> APIC 0x82 -> Node 0
[    0.009744] SRAT: PXM 0 -> APIC 0x84 -> Node 0
[    0.009745] SRAT: PXM 0 -> APIC 0x86 -> Node 0
[    0.009745] SRAT: PXM 0 -> APIC 0x88 -> Node 0
[    0.009746] SRAT: PXM 0 -> APIC 0x8a -> Node 0
[    0.009746] SRAT: PXM 0 -> APIC 0x8c -> Node 0
[    0.009747] SRAT: PXM 0 -> APIC 0x8e -> Node 0
[    0.009748] SRAT: PXM 0 -> APIC 0x90 -> Node 0
[    0.009748] SRAT: PXM 0 -> APIC 0x92 -> Node 0
[    0.009749] SRAT: PXM 0 -> APIC 0x94 -> Node 0
[    0.009749] SRAT: PXM 0 -> APIC 0x96 -> Node 0
[    0.009750] SRAT: PXM 0 -> APIC 0x98 -> Node 0
[    0.009750] SRAT: PXM 0 -> APIC 0x9a -> Node 0
[    0.009751] SRAT: PXM 0 -> APIC 0x9c -> Node 0
[    0.009751] SRAT: PXM 0 -> APIC 0x9e -> Node 0
[    0.009752] SRAT: PXM 0 -> APIC 0xa0 -> Node 0
[    0.009752] SRAT: PXM 0 -> APIC 0xa2 -> Node 0
[    0.009753] SRAT: PXM 0 -> APIC 0xa4 -> Node 0
[    0.009753] SRAT: PXM 0 -> APIC 0xa6 -> Node 0
[    0.009754] SRAT: PXM 0 -> APIC 0xa8 -> Node 0
[    0.009754] SRAT: PXM 0 -> APIC 0xaa -> Node 0
[    0.009755] SRAT: PXM 0 -> APIC 0xac -> Node 0
[    0.009755] SRAT: PXM 0 -> APIC 0xae -> Node 0
[    0.009756] SRAT: PXM 0 -> APIC 0xb0 -> Node 0
[    0.009756] SRAT: PXM 0 -> APIC 0xb2 -> Node 0
[    0.009757] SRAT: PXM 0 -> APIC 0xb4 -> Node 0
[    0.009757] SRAT: PXM 0 -> APIC 0xb6 -> Node 0
[    0.009758] SRAT: PXM 0 -> APIC 0xb8 -> Node 0
[    0.009758] SRAT: PXM 0 -> APIC 0xba -> Node 0
[    0.009759] SRAT: PXM 0 -> APIC 0xbc -> Node 0
[    0.009759] SRAT: PXM 0 -> APIC 0xbe -> Node 0
[    0.009760] SRAT: PXM 0 -> APIC 0xc0 -> Node 0
[    0.009760] SRAT: PXM 0 -> APIC 0xc2 -> Node 0
[    0.009761] SRAT: PXM 0 -> APIC 0xc4 -> Node 0
[    0.009761] SRAT: PXM 0 -> APIC 0xc6 -> Node 0
[    0.009762] SRAT: PXM 0 -> APIC 0xc8 -> Node 0
[    0.009762] SRAT: PXM 0 -> APIC 0xca -> Node 0
[    0.009763] SRAT: PXM 0 -> APIC 0xcc -> Node 0
[    0.009763] SRAT: PXM 0 -> APIC 0xce -> Node 0
[    0.009764] SRAT: PXM 0 -> APIC 0xd0 -> Node 0
[    0.009764] SRAT: PXM 0 -> APIC 0xd2 -> Node 0
[    0.009765] SRAT: PXM 0 -> APIC 0xd4 -> Node 0
[    0.009765] SRAT: PXM 0 -> APIC 0xd6 -> Node 0
[    0.009766] SRAT: PXM 0 -> APIC 0xd8 -> Node 0
[    0.009767] SRAT: PXM 0 -> APIC 0xda -> Node 0
[    0.009767] SRAT: PXM 0 -> APIC 0xdc -> Node 0
[    0.009768] SRAT: PXM 0 -> APIC 0xde -> Node 0
[    0.009768] SRAT: PXM 0 -> APIC 0xe0 -> Node 0
[    0.009769] SRAT: PXM 0 -> APIC 0xe2 -> Node 0
[    0.009769] SRAT: PXM 0 -> APIC 0xe4 -> Node 0
[    0.009770] SRAT: PXM 0 -> APIC 0xe6 -> Node 0
[    0.009770] SRAT: PXM 0 -> APIC 0xe8 -> Node 0
[    0.009771] SRAT: PXM 0 -> APIC 0xea -> Node 0
[    0.009771] SRAT: PXM 0 -> APIC 0xec -> Node 0
[    0.009772] SRAT: PXM 0 -> APIC 0xee -> Node 0
[    0.009772] SRAT: PXM 0 -> APIC 0xf0 -> Node 0
[    0.009773] SRAT: PXM 0 -> APIC 0xf2 -> Node 0
[    0.009773] SRAT: PXM 0 -> APIC 0xf4 -> Node 0
[    0.009774] SRAT: PXM 0 -> APIC 0xf6 -> Node 0
[    0.009774] SRAT: PXM 0 -> APIC 0xf8 -> Node 0
[    0.009775] SRAT: PXM 0 -> APIC 0xfa -> Node 0
[    0.009775] SRAT: PXM 0 -> APIC 0xfc -> Node 0
[    0.009776] SRAT: PXM 0 -> APIC 0xfe -> Node 0
[    0.009778] ACPI: SRAT: Node 0 PXM 0 [mem 0x00000000-0x0009ffff]
[    0.009780] ACPI: SRAT: Node 0 PXM 0 [mem 0x00100000-0xbfffffff]
[    0.009781] ACPI: SRAT: Node 0 PXM 0 [mem 0x100000000-0x23fffffff]
[    0.009782] ACPI: SRAT: Node 0 PXM 0 [mem 0x240000000-0x203fffffff] hotplug
[    0.009784] NUMA: Node 0 [mem 0x00000000-0x0009ffff] + [mem 0x00100000-0xbfffffff] -> [mem 0x00000000-0xbfffffff]
[    0.009786] NUMA: Node 0 [mem 0x00000000-0xbfffffff] + [mem 0x100000000-0x23fffffff] -> [mem 0x00000000-0x23fffffff]
[    0.009793] NODE_DATA(0) allocated [mem 0x23ffd5000-0x23fffffff]
[    0.010896] Zone ranges:
[    0.010897]   DMA      [mem 0x0000000000001000-0x0000000000ffffff]
[    0.010899]   DMA32    [mem 0x0000000001000000-0x00000000ffffffff]
[    0.010901]   Normal   [mem 0x0000000100000000-0x000000023fffffff]
[    0.010902]   Device   empty
[    0.010903] Movable zone start for each node
[    0.010905] Early memory node ranges
[    0.010906]   node   0: [mem 0x0000000000001000-0x000000000009dfff]
[    0.010907]   node   0: [mem 0x0000000000100000-0x00000000bfecffff]
[    0.010908]   node   0: [mem 0x00000000bff00000-0x00000000bfffffff]
[    0.010909]   node   0: [mem 0x0000000100000000-0x000000023fffffff]
[    0.010910] Initmem setup node 0 [mem 0x0000000000001000-0x000000023fffffff]
[    0.010980] On node 0, zone DMA: 1 pages in unavailable ranges
[    0.011947] On node 0, zone DMA: 98 pages in unavailable ranges
[    0.207529] On node 0, zone DMA32: 48 pages in unavailable ranges
[    0.538426] ACPI: PM-Timer IO Port: 0x1008
[    0.538459] system APIC only can use physical flat
[    0.538491] ACPI: LAPIC_NMI (acpi_id[0x00] high edge lint[0x1])
[    0.538494] ACPI: LAPIC_NMI (acpi_id[0x01] high edge lint[0x1])
[    0.538495] ACPI: LAPIC_NMI (acpi_id[0x02] high edge lint[0x1])
[    0.538515] ACPI: LAPIC_NMI (acpi_id[0x03] high edge lint[0x1])
[    0.538516] ACPI: LAPIC_NMI (acpi_id[0x04] high edge lint[0x1])
[    0.538517] ACPI: LAPIC_NMI (acpi_id[0x05] high edge lint[0x1])
[    0.538518] ACPI: LAPIC_NMI (acpi_id[0x06] high edge lint[0x1])
[    0.538519] ACPI: LAPIC_NMI (acpi_id[0x07] high edge lint[0x1])
[    0.538520] ACPI: LAPIC_NMI (acpi_id[0x08] high edge lint[0x1])
[    0.538521] ACPI: LAPIC_NMI (acpi_id[0x09] high edge lint[0x1])
[    0.538522] ACPI: LAPIC_NMI (acpi_id[0x0a] high edge lint[0x1])
[    0.538523] ACPI: LAPIC_NMI (acpi_id[0x0b] high edge lint[0x1])
[    0.538524] ACPI: LAPIC_NMI (acpi_id[0x0c] high edge lint[0x1])
[    0.538525] ACPI: LAPIC_NMI (acpi_id[0x0d] high edge lint[0x1])
[    0.538526] ACPI: LAPIC_NMI (acpi_id[0x0e] high edge lint[0x1])
[    0.538527] ACPI: LAPIC_NMI (acpi_id[0x0f] high edge lint[0x1])
[    0.538528] ACPI: LAPIC_NMI (acpi_id[0x10] high edge lint[0x1])
[    0.538529] ACPI: LAPIC_NMI (acpi_id[0x11] high edge lint[0x1])
[    0.538530] ACPI: LAPIC_NMI (acpi_id[0x12] high edge lint[0x1])
[    0.538531] ACPI: LAPIC_NMI (acpi_id[0x13] high edge lint[0x1])
[    0.538532] ACPI: LAPIC_NMI (acpi_id[0x14] high edge lint[0x1])
[    0.538533] ACPI: LAPIC_NMI (acpi_id[0x15] high edge lint[0x1])
[    0.538534] ACPI: LAPIC_NMI (acpi_id[0x16] high edge lint[0x1])
[    0.538535] ACPI: LAPIC_NMI (acpi_id[0x17] high edge lint[0x1])
[    0.538536] ACPI: LAPIC_NMI (acpi_id[0x18] high edge lint[0x1])
[    0.538537] ACPI: LAPIC_NMI (acpi_id[0x19] high edge lint[0x1])
[    0.538538] ACPI: LAPIC_NMI (acpi_id[0x1a] high edge lint[0x1])
[    0.538539] ACPI: LAPIC_NMI (acpi_id[0x1b] high edge lint[0x1])
[    0.538540] ACPI: LAPIC_NMI (acpi_id[0x1c] high edge lint[0x1])
[    0.538541] ACPI: LAPIC_NMI (acpi_id[0x1d] high edge lint[0x1])
[    0.538542] ACPI: LAPIC_NMI (acpi_id[0x1e] high edge lint[0x1])
[    0.538543] ACPI: LAPIC_NMI (acpi_id[0x1f] high edge lint[0x1])
[    0.538544] ACPI: LAPIC_NMI (acpi_id[0x20] high edge lint[0x1])
[    0.538545] ACPI: LAPIC_NMI (acpi_id[0x21] high edge lint[0x1])
[    0.538546] ACPI: LAPIC_NMI (acpi_id[0x22] high edge lint[0x1])
[    0.538547] ACPI: LAPIC_NMI (acpi_id[0x23] high edge lint[0x1])
[    0.538548] ACPI: LAPIC_NMI (acpi_id[0x24] high edge lint[0x1])
[    0.538549] ACPI: LAPIC_NMI (acpi_id[0x25] high edge lint[0x1])
[    0.538550] ACPI: LAPIC_NMI (acpi_id[0x26] high edge lint[0x1])
[    0.538551] ACPI: LAPIC_NMI (acpi_id[0x27] high edge lint[0x1])
[    0.538552] ACPI: LAPIC_NMI (acpi_id[0x28] high edge lint[0x1])
[    0.538553] ACPI: LAPIC_NMI (acpi_id[0x29] high edge lint[0x1])
[    0.538554] ACPI: LAPIC_NMI (acpi_id[0x2a] high edge lint[0x1])
[    0.538555] ACPI: LAPIC_NMI (acpi_id[0x2b] high edge lint[0x1])
[    0.538556] ACPI: LAPIC_NMI (acpi_id[0x2c] high edge lint[0x1])
[    0.538557] ACPI: LAPIC_NMI (acpi_id[0x2d] high edge lint[0x1])
[    0.538558] ACPI: LAPIC_NMI (acpi_id[0x2e] high edge lint[0x1])
[    0.538559] ACPI: LAPIC_NMI (acpi_id[0x2f] high edge lint[0x1])
[    0.538560] ACPI: LAPIC_NMI (acpi_id[0x30] high edge lint[0x1])
[    0.538561] ACPI: LAPIC_NMI (acpi_id[0x31] high edge lint[0x1])
[    0.538577] ACPI: LAPIC_NMI (acpi_id[0x32] high edge lint[0x1])
[    0.538578] ACPI: LAPIC_NMI (acpi_id[0x33] high edge lint[0x1])
[    0.538579] ACPI: LAPIC_NMI (acpi_id[0x34] high edge lint[0x1])
[    0.538580] ACPI: LAPIC_NMI (acpi_id[0x35] high edge lint[0x1])
[    0.538581] ACPI: LAPIC_NMI (acpi_id[0x36] high edge lint[0x1])
[    0.538582] ACPI: LAPIC_NMI (acpi_id[0x37] high edge lint[0x1])
[    0.538583] ACPI: LAPIC_NMI (acpi_id[0x38] high edge lint[0x1])
[    0.538584] ACPI: LAPIC_NMI (acpi_id[0x39] high edge lint[0x1])
[    0.538585] ACPI: LAPIC_NMI (acpi_id[0x3a] high edge lint[0x1])
[    0.538586] ACPI: LAPIC_NMI (acpi_id[0x3b] high edge lint[0x1])
[    0.538606] ACPI: LAPIC_NMI (acpi_id[0x3c] high edge lint[0x1])
[    0.538607] ACPI: LAPIC_NMI (acpi_id[0x3d] high edge lint[0x1])
[    0.538608] ACPI: LAPIC_NMI (acpi_id[0x3e] high edge lint[0x1])
[    0.538609] ACPI: LAPIC_NMI (acpi_id[0x3f] high edge lint[0x1])
[    0.538610] ACPI: LAPIC_NMI (acpi_id[0x40] high edge lint[0x1])
[    0.538611] ACPI: LAPIC_NMI (acpi_id[0x41] high edge lint[0x1])
[    0.538612] ACPI: LAPIC_NMI (acpi_id[0x42] high edge lint[0x1])
[    0.538613] ACPI: LAPIC_NMI (acpi_id[0x43] high edge lint[0x1])
[    0.538614] ACPI: LAPIC_NMI (acpi_id[0x44] high edge lint[0x1])
[    0.538615] ACPI: LAPIC_NMI (acpi_id[0x45] high edge lint[0x1])
[    0.538616] ACPI: LAPIC_NMI (acpi_id[0x46] high edge lint[0x1])
[    0.538617] ACPI: LAPIC_NMI (acpi_id[0x47] high edge lint[0x1])
[    0.538618] ACPI: LAPIC_NMI (acpi_id[0x48] high edge lint[0x1])
[    0.538619] ACPI: LAPIC_NMI (acpi_id[0x49] high edge lint[0x1])
[    0.538619] ACPI: LAPIC_NMI (acpi_id[0x4a] high edge lint[0x1])
[    0.538620] ACPI: LAPIC_NMI (acpi_id[0x4b] high edge lint[0x1])
[    0.538621] ACPI: LAPIC_NMI (acpi_id[0x4c] high edge lint[0x1])
[    0.538622] ACPI: LAPIC_NMI (acpi_id[0x4d] high edge lint[0x1])
[    0.538623] ACPI: LAPIC_NMI (acpi_id[0x4e] high edge lint[0x1])
[    0.538640] ACPI: LAPIC_NMI (acpi_id[0x4f] high edge lint[0x1])
[    0.538642] ACPI: LAPIC_NMI (acpi_id[0x50] high edge lint[0x1])
[    0.538642] ACPI: LAPIC_NMI (acpi_id[0x51] high edge lint[0x1])
[    0.538643] ACPI: LAPIC_NMI (acpi_id[0x52] high edge lint[0x1])
[    0.538644] ACPI: LAPIC_NMI (acpi_id[0x53] high edge lint[0x1])
[    0.538646] ACPI: LAPIC_NMI (acpi_id[0x54] high edge lint[0x1])
[    0.538646] ACPI: LAPIC_NMI (acpi_id[0x55] high edge lint[0x1])
[    0.538647] ACPI: LAPIC_NMI (acpi_id[0x56] high edge lint[0x1])
[    0.538648] ACPI: LAPIC_NMI (acpi_id[0x57] high edge lint[0x1])
[    0.538649] ACPI: LAPIC_NMI (acpi_id[0x58] high edge lint[0x1])
[    0.538650] ACPI: LAPIC_NMI (acpi_id[0x59] high edge lint[0x1])
[    0.538651] ACPI: LAPIC_NMI (acpi_id[0x5a] high edge lint[0x1])
[    0.538652] ACPI: LAPIC_NMI (acpi_id[0x5b] high edge lint[0x1])
[    0.538653] ACPI: LAPIC_NMI (acpi_id[0x5c] high edge lint[0x1])
[    0.538654] ACPI: LAPIC_NMI (acpi_id[0x5d] high edge lint[0x1])
[    0.538655] ACPI: LAPIC_NMI (acpi_id[0x5e] high edge lint[0x1])
[    0.538656] ACPI: LAPIC_NMI (acpi_id[0x5f] high edge lint[0x1])
[    0.538676] ACPI: LAPIC_NMI (acpi_id[0x60] high edge lint[0x1])
[    0.538677] ACPI: LAPIC_NMI (acpi_id[0x61] high edge lint[0x1])
[    0.538678] ACPI: LAPIC_NMI (acpi_id[0x62] high edge lint[0x1])
[    0.538678] ACPI: LAPIC_NMI (acpi_id[0x63] high edge lint[0x1])
[    0.538679] ACPI: LAPIC_NMI (acpi_id[0x64] high edge lint[0x1])
[    0.538681] ACPI: LAPIC_NMI (acpi_id[0x65] high edge lint[0x1])
[    0.538681] ACPI: LAPIC_NMI (acpi_id[0x66] high edge lint[0x1])
[    0.538682] ACPI: LAPIC_NMI (acpi_id[0x67] high edge lint[0x1])
[    0.538683] ACPI: LAPIC_NMI (acpi_id[0x68] high edge lint[0x1])
[    0.538684] ACPI: LAPIC_NMI (acpi_id[0x69] high edge lint[0x1])
[    0.538685] ACPI: LAPIC_NMI (acpi_id[0x6a] high edge lint[0x1])
[    0.538686] ACPI: LAPIC_NMI (acpi_id[0x6b] high edge lint[0x1])
[    0.538687] ACPI: LAPIC_NMI (acpi_id[0x6c] high edge lint[0x1])
[    0.538688] ACPI: LAPIC_NMI (acpi_id[0x6d] high edge lint[0x1])
[    0.538689] ACPI: LAPIC_NMI (acpi_id[0x6e] high edge lint[0x1])
[    0.538690] ACPI: LAPIC_NMI (acpi_id[0x6f] high edge lint[0x1])
[    0.538691] ACPI: LAPIC_NMI (acpi_id[0x70] high edge lint[0x1])
[    0.538692] ACPI: LAPIC_NMI (acpi_id[0x71] high edge lint[0x1])
[    0.538693] ACPI: LAPIC_NMI (acpi_id[0x72] high edge lint[0x1])
[    0.538694] ACPI: LAPIC_NMI (acpi_id[0x73] high edge lint[0x1])
[    0.538695] ACPI: LAPIC_NMI (acpi_id[0x74] high edge lint[0x1])
[    0.538696] ACPI: LAPIC_NMI (acpi_id[0x75] high edge lint[0x1])
[    0.538697] ACPI: LAPIC_NMI (acpi_id[0x76] high edge lint[0x1])
[    0.538698] ACPI: LAPIC_NMI (acpi_id[0x77] high edge lint[0x1])
[    0.538699] ACPI: LAPIC_NMI (acpi_id[0x78] high edge lint[0x1])
[    0.538699] ACPI: LAPIC_NMI (acpi_id[0x79] high edge lint[0x1])
[    0.538700] ACPI: LAPIC_NMI (acpi_id[0x7a] high edge lint[0x1])
[    0.538701] ACPI: LAPIC_NMI (acpi_id[0x7b] high edge lint[0x1])
[    0.538702] ACPI: LAPIC_NMI (acpi_id[0x7c] high edge lint[0x1])
[    0.538703] ACPI: LAPIC_NMI (acpi_id[0x7d] high edge lint[0x1])
[    0.538704] ACPI: LAPIC_NMI (acpi_id[0x7e] high edge lint[0x1])
[    0.538705] ACPI: LAPIC_NMI (acpi_id[0x7f] high edge lint[0x1])
[    0.538811] IOAPIC[0]: apic_id 1, version 32, address 0xfec00000, GSI 0-23
[    0.538823] ACPI: INT_SRC_OVR (bus 0 bus_irq 0 global_irq 2 high edge)
[    0.538846] ACPI: Using ACPI (MADT) for SMP configuration information
[    0.538848] ACPI: HPET id: 0x8086af01 base: 0xfed00000
[    0.538854] TSC deadline timer available
[    0.538885] smpboot: Allowing 128 CPUs, 120 hotplug CPUs
[    0.539141] PM: hibernation: Registered nosave memory: [mem 0x00000000-0x00000fff]
[    0.539209] PM: hibernation: Registered nosave memory: [mem 0x0009e000-0x0009efff]
[    0.539210] PM: hibernation: Registered nosave memory: [mem 0x0009f000-0x0009ffff]
[    0.539211] PM: hibernation: Registered nosave memory: [mem 0x000a0000-0x000dbfff]
[    0.539212] PM: hibernation: Registered nosave memory: [mem 0x000dc000-0x000fffff]
[    0.539213] PM: hibernation: Registered nosave memory: [mem 0xbfed0000-0xbfefefff]
[    0.539214] PM: hibernation: Registered nosave memory: [mem 0xbfeff000-0xbfefffff]
[    0.539216] PM: hibernation: Registered nosave memory: [mem 0xc0000000-0xefffffff]
[    0.539217] PM: hibernation: Registered nosave memory: [mem 0xf0000000-0xf7ffffff]
[    0.539218] PM: hibernation: Registered nosave memory: [mem 0xf8000000-0xfebfffff]
[    0.539219] PM: hibernation: Registered nosave memory: [mem 0xfec00000-0xfec0ffff]
[    0.539220] PM: hibernation: Registered nosave memory: [mem 0xfec10000-0xfedfffff]
[    0.539220] PM: hibernation: Registered nosave memory: [mem 0xfee00000-0xfee00fff]
[    0.539221] PM: hibernation: Registered nosave memory: [mem 0xfee01000-0xfffdffff]
[    0.539222] PM: hibernation: Registered nosave memory: [mem 0xfffe0000-0xffffffff]
[    0.539228] [mem 0xc0000000-0xefffffff] available for PCI devices
[    0.539231] Booting paravirtualized kernel on VMware hypervisor
[    0.539241] clocksource: refined-jiffies: mask: 0xffffffff max_cycles: 0xffffffff, max_idle_ns: 7645519600211568 ns
[    0.539269] setup_percpu: NR_CPUS:8192 nr_cpumask_bits:128 nr_cpu_ids:128 nr_node_ids:1
[    0.671996] percpu: Embedded 61 pages/cpu s212992 r8192 d28672 u262144
[    0.672011] pcpu-alloc: s212992 r8192 d28672 u262144 alloc=1*2097152
[    0.672013] pcpu-alloc: [0] 000 001 002 003 004 005 006 007 
[    0.672017] pcpu-alloc: [0] 008 009 010 011 012 013 014 015 
[    0.672021] pcpu-alloc: [0] 016 017 018 019 020 021 022 023 
[    0.672025] pcpu-alloc: [0] 024 025 026 027 028 029 030 031 
[    0.672028] pcpu-alloc: [0] 032 033 034 035 036 037 038 039 
[    0.672032] pcpu-alloc: [0] 040 041 042 043 044 045 046 047 
[    0.672036] pcpu-alloc: [0] 048 049 050 051 052 053 054 055 
[    0.672039] pcpu-alloc: [0] 056 057 058 059 060 061 062 063 
[    0.672043] pcpu-alloc: [0] 064 065 066 067 068 069 070 071 
[    0.672046] pcpu-alloc: [0] 072 073 074 075 076 077 078 079 
[    0.672050] pcpu-alloc: [0] 080 081 082 083 084 085 086 087 
[    0.672053] pcpu-alloc: [0] 088 089 090 091 092 093 094 095 
[    0.672057] pcpu-alloc: [0] 096 097 098 099 100 101 102 103 
[    0.672060] pcpu-alloc: [0] 104 105 106 107 108 109 110 111 
[    0.672064] pcpu-alloc: [0] 112 113 114 115 116 117 118 119 
[    0.672067] pcpu-alloc: [0] 120 121 122 123 124 125 126 127 
[    0.672130] Fallback order for Node 0: 0 
[    0.672141] Built 1 zonelists, mobility grouping on.  Total pages: 2064080
[    0.672142] Policy zone: Normal
[    0.672144] Kernel command line: BOOT_IMAGE=/boot/vmlinuz-5.15.0+ root=UUID=ca5cc43b-9b0a-454f-9a8b-2a4dd8cebe1d ro find_preseed=/preseed.cfg auto noprompt priority=critical locale=en_US quiet
[    0.672247] Unknown kernel command line parameters "auto noprompt BOOT_IMAGE=/boot/vmlinuz-5.15.0+ find_preseed=/preseed.cfg priority=critical locale=en_US", will be passed to user space.
[    0.672249] printk: log_buf_len individual max cpu contribution: 4096 bytes
[    0.672250] printk: log_buf_len total cpu_extra contributions: 520192 bytes
[    0.672250] printk: log_buf_len min size: 262144 bytes
[    0.690956] printk: log_buf_len: 1048576 bytes
[    0.690959] printk: early log buf free: 227176(86%)
[    0.723346] Dentry cache hash table entries: 1048576 (order: 11, 8388608 bytes, linear)
[    0.739293] Inode-cache hash table entries: 524288 (order: 10, 4194304 bytes, linear)
[    0.742037] mem auto-init: stack:off, heap alloc:on, heap free:off
[    0.896326] Memory: 8042768K/8388020K available (16393K kernel code, 3581K rwdata, 10484K rodata, 2720K init, 5840K bss, 344992K reserved, 0K cma-reserved)
[    0.896334] random: get_random_u64 called from __kmem_cache_create+0x2d/0x480 with crng_init=0
[    0.897186] SLUB: HWalign=64, Order=0-3, MinObjects=0, CPUs=128, Nodes=1
[    0.897274] Kernel/User page tables isolation: enabled
[    0.897695] ftrace: allocating 49400 entries in 193 pages
[    0.915105] ftrace: allocated 193 pages with 3 groups
[    0.916954] Dynamic Preempt: none
[    0.917365] rcu: Preemptible hierarchical RCU implementation.
[    0.917367] rcu: 	RCU restricting CPUs from NR_CPUS=8192 to nr_cpu_ids=128.
[    0.917368] 	Trampoline variant of Tasks RCU enabled.
[    0.917369] 	Rude variant of Tasks RCU enabled.
[    0.917369] 	Tracing variant of Tasks RCU enabled.
[    0.917370] rcu: RCU calculated value of scheduler-enlistment delay is 25 jiffies.
[    0.917370] rcu: Adjusting geometry for rcu_fanout_leaf=16, nr_cpu_ids=128
[    0.922554] NR_IRQS: 524544, nr_irqs: 1448, preallocated irqs: 16
[    0.922980] random: crng done (trusting CPU's manufacturer)
[    0.924544] Console: colour VGA+ 80x25
[    0.924568] printk: console [tty0] enabled
[    0.924690] ACPI: Core revision 20210930
[    0.925831] clocksource: hpet: mask: 0xffffffff max_cycles: 0xffffffff, max_idle_ns: 133484882848 ns
[    0.925957] APIC: Switch to symmetric I/O mode setup
[    0.926502] x2apic enabled
[    0.926793] Switched APIC routing to physical x2apic.
[    0.927740] ..TIMER: vector=0x30 apic1=0 pin1=2 apic2=-1 pin2=-1
[    0.927762] clocksource: tsc-early: mask: 0xffffffffffffffff max_cycles: 0x2879c989f7e, max_idle_ns: 440795237972 ns
[    0.927767] Calibrating delay loop (skipped) preset value.. 5616.00 BogoMIPS (lpj=11232016)
[    0.927770] pid_max: default: 131072 minimum: 1024
[    0.927870] LSM: Security Framework initializing
[    0.927881] Yama: becoming mindful.
[    0.928035] AppArmor: AppArmor initialized
[    0.928656] Mount-cache hash table entries: 16384 (order: 5, 131072 bytes, linear)
[    0.929380] Mountpoint-cache hash table entries: 16384 (order: 5, 131072 bytes, linear)
[    0.933005] Disabled fast string operations
[    0.933100] Last level iTLB entries: 4KB 64, 2MB 8, 4MB 8
[    0.933102] Last level dTLB entries: 4KB 64, 2MB 0, 4MB 0, 1GB 4
[    0.933105] Spectre V1 : Mitigation: usercopy/swapgs barriers and __user pointer sanitization
[    0.933107] Spectre V2 : Mitigation: Full generic retpoline
[    0.933108] Spectre V2 : Spectre v2 / SpectreRSB mitigation: Filling RSB on context switch
[    0.933127] Spectre V2 : Enabling Restricted Speculation for firmware calls
[    0.933128] Spectre V2 : mitigation: Enabling conditional Indirect Branch Prediction Barrier
[    0.933129] Speculative Store Bypass: Mitigation: Speculative Store Bypass disabled via prctl
[    0.933132] SRBDS: Unknown: Dependent on hypervisor status
[    0.933133] MDS: Mitigation: Clear CPU buffers
[    0.935735] Freeing SMP alternatives memory: 40K
[    0.944254] smpboot: CPU0: Intel(R) Core(TM) i7-7700HQ CPU @ 2.80GHz (family: 0x6, model: 0x9e, stepping: 0x9)
[    0.945491] Performance Events: Skylake events, core PMU driver.
[    0.945520] core: CPUID marked event: 'cpu cycles' unavailable
[    0.945521] core: CPUID marked event: 'instructions' unavailable
[    0.945521] core: CPUID marked event: 'bus cycles' unavailable
[    0.945522] core: CPUID marked event: 'cache references' unavailable
[    0.945522] core: CPUID marked event: 'cache misses' unavailable
[    0.945523] core: CPUID marked event: 'branch instructions' unavailable
[    0.945523] core: CPUID marked event: 'branch misses' unavailable
[    0.945524] ... version:                1
[    0.945525] ... bit width:              48
[    0.945526] ... generic registers:      4
[    0.945526] ... value mask:             0000ffffffffffff
[    0.945527] ... max period:             000000007fffffff
[    0.945528] ... fixed-purpose events:   0
[    0.945528] ... event mask:             000000000000000f
[    0.945743] rcu: Hierarchical SRCU implementation.
[    0.946894] NMI watchdog: Perf NMI watchdog permanently disabled
[    0.962967] smp: Bringing up secondary CPUs ...
[    0.963863] x86: Booting SMP configuration:
[    0.963864] .... node  #0, CPUs:          #1
[    0.008827] Disabled fast string operations
[    0.008827] smpboot: CPU 1 Converting physical 2 to logical package 1
[    0.008827] smpboot: CPU 1 Converting physical 0 to logical die 1
[    0.965791]    #2
[    0.008827] Disabled fast string operations
[    0.008827] smpboot: CPU 2 Converting physical 4 to logical package 2
[    0.008827] smpboot: CPU 2 Converting physical 0 to logical die 2
[    0.968680]    #3
[    0.008827] Disabled fast string operations
[    0.008827] smpboot: CPU 3 Converting physical 6 to logical package 3
[    0.008827] smpboot: CPU 3 Converting physical 0 to logical die 3
[    0.970069]    #4
[    0.008827] Disabled fast string operations
[    0.008827] smpboot: CPU 4 Converting physical 8 to logical package 4
[    0.008827] smpboot: CPU 4 Converting physical 0 to logical die 4
[    0.972802]    #5
[    0.008827] Disabled fast string operations
[    0.008827] smpboot: CPU 5 Converting physical 10 to logical package 5
[    0.008827] smpboot: CPU 5 Converting physical 0 to logical die 5
[    0.975924]    #6
[    0.008827] Disabled fast string operations
[    0.008827] smpboot: CPU 6 Converting physical 12 to logical package 6
[    0.008827] smpboot: CPU 6 Converting physical 0 to logical die 6
[    0.977014]    #7
[    0.008827] Disabled fast string operations
[    0.008827] smpboot: CPU 7 Converting physical 14 to logical package 7
[    0.008827] smpboot: CPU 7 Converting physical 0 to logical die 7
[    0.980895] smp: Brought up 1 node, 8 CPUs
[    0.980911] smpboot: Max logical packages: 128
[    0.980913] smpboot: Total of 8 processors activated (44928.06 BogoMIPS)
[    0.982534] devtmpfs: initialized
[    0.982534] x86/mm: Memory block size: 128MB
[    0.985637] ACPI: PM: Registering ACPI NVS region [mem 0xbfeff000-0xbfefffff] (4096 bytes)
[    0.985637] clocksource: jiffies: mask: 0xffffffff max_cycles: 0xffffffff, max_idle_ns: 7645041785100000 ns
[    0.995402] futex hash table entries: 32768 (order: 9, 2097152 bytes, linear)
[    0.995731] pinctrl core: initialized pinctrl subsystem
[    0.995938] PM: RTC time: 07:52:09, date: 2021-11-28
[    0.997559] NET: Registered PF_NETLINK/PF_ROUTE protocol family
[    1.001916] DMA: preallocated 1024 KiB GFP_KERNEL pool for atomic allocations
[    1.002157] DMA: preallocated 1024 KiB GFP_KERNEL|GFP_DMA pool for atomic allocations
[    1.002396] DMA: preallocated 1024 KiB GFP_KERNEL|GFP_DMA32 pool for atomic allocations
[    1.002406] audit: initializing netlink subsys (disabled)
[    1.002534] audit: type=2000 audit(1638085929.072:1): state=initialized audit_enabled=0 res=1
[    1.002534] thermal_sys: Registered thermal governor 'fair_share'
[    1.002534] thermal_sys: Registered thermal governor 'bang_bang'
[    1.002534] thermal_sys: Registered thermal governor 'step_wise'
[    1.002534] thermal_sys: Registered thermal governor 'user_space'
[    1.002534] thermal_sys: Registered thermal governor 'power_allocator'
[    1.002534] EISA bus registered
[    1.002534] cpuidle: using governor ladder
[    1.002534] cpuidle: using governor menu
[    1.002534] Simple Boot Flag at 0x36 set to 0x80
[    1.002534] acpiphp: ACPI Hot Plug PCI Controller Driver version: 0.5
[    1.004098] PCI: MMCONFIG for domain 0000 [bus 00-7f] at [mem 0xf0000000-0xf7ffffff] (base 0xf0000000)
[    1.004102] PCI: MMCONFIG at [mem 0xf0000000-0xf7ffffff] reserved in E820
[    1.004107] pmd_set_huge: Cannot satisfy [mem 0xf0000000-0xf0200000] with a huge-page mapping due to MTRR override.
[    1.005886] PCI: Using configuration type 1 for base access
[    1.012395] kprobes: kprobe jump-optimization is enabled. All kprobes are optimized if possible.
[    1.012523] HugeTLB registered 1.00 GiB page size, pre-allocated 0 pages
[    1.012523] HugeTLB registered 2.00 MiB page size, pre-allocated 0 pages
[    1.016125] ACPI: Added _OSI(Module Device)
[    1.016125] ACPI: Added _OSI(Processor Device)
[    1.016125] ACPI: Added _OSI(3.0 _SCP Extensions)
[    1.016125] ACPI: Added _OSI(Processor Aggregator Device)
[    1.016125] ACPI: Added _OSI(Linux-Dell-Video)
[    1.016125] ACPI: Added _OSI(Linux-Lenovo-NV-HDMI-Audio)
[    1.016125] ACPI: Added _OSI(Linux-HPI-Hybrid-Graphics)
[    1.042978] ACPI: 1 ACPI AML tables successfully acquired and loaded
[    1.044464] ACPI: [Firmware Bug]: BIOS _OSI(Linux) query ignored
[    1.067401] ACPI: Interpreter enabled
[    1.067413] ACPI: PM: (supports S0 S1 S4 S5)
[    1.067414] ACPI: Using IOAPIC for interrupt routing
[    1.067434] PCI: Using host bridge windows from ACPI; if necessary, use "pci=nocrs" and report a bug
[    1.068466] ACPI: Enabled 4 GPEs in block 00 to 0F
[    1.286922] ACPI: PCI Root Bridge [PCI0] (domain 0000 [bus 00-7f])
[    1.286930] acpi PNP0A03:00: _OSC: OS supports [ExtendedConfig ASPM ClockPM Segments MSI HPX-Type3]
[    1.287038] acpi PNP0A03:00: _OSC: platform does not support [AER LTR]
[    1.287247] acpi PNP0A03:00: _OSC: OS now controls [PCIeHotplug SHPCHotplug PME PCIeCapability]
[    1.289406] PCI host bridge to bus 0000:00
[    1.289409] pci_bus 0000:00: root bus resource [mem 0x000a0000-0x000bffff window]
[    1.289411] pci_bus 0000:00: root bus resource [mem 0x000d0000-0x000dbfff window]
[    1.289412] pci_bus 0000:00: root bus resource [mem 0xc0000000-0xfebfffff window]
[    1.289413] pci_bus 0000:00: root bus resource [io  0x0000-0x0cf7 window]
[    1.289414] pci_bus 0000:00: root bus resource [io  0x0d00-0xfeff window]
[    1.289415] pci_bus 0000:00: root bus resource [bus 00-7f]
[    1.289526] pci 0000:00:00.0: [8086:7190] type 00 class 0x060000
[    1.290400] pci 0000:00:01.0: [8086:7191] type 01 class 0x060400
[    1.291983] pci 0000:00:07.0: [8086:7110] type 00 class 0x060100
[    1.292884] pci 0000:00:07.1: [8086:7111] type 00 class 0x01018a
[    1.296930] pci 0000:00:07.1: reg 0x20: [io  0x1060-0x106f]
[    1.298261] pci 0000:00:07.1: legacy IDE quirk: reg 0x10: [io  0x01f0-0x01f7]
[    1.298264] pci 0000:00:07.1: legacy IDE quirk: reg 0x14: [io  0x03f6]
[    1.298265] pci 0000:00:07.1: legacy IDE quirk: reg 0x18: [io  0x0170-0x0177]
[    1.298266] pci 0000:00:07.1: legacy IDE quirk: reg 0x1c: [io  0x0376]
[    1.298689] pci 0000:00:07.3: [8086:7113] type 00 class 0x068000
[    1.301165] pci 0000:00:07.3: quirk: [io  0x1000-0x103f] claimed by PIIX4 ACPI
[    1.301178] pci 0000:00:07.3: quirk: [io  0x1040-0x104f] claimed by PIIX4 SMB
[    1.301586] pci 0000:00:07.7: [15ad:0740] type 00 class 0x088000
[    1.302439] pci 0000:00:07.7: reg 0x10: [io  0x1080-0x10bf]
[    1.303187] pci 0000:00:07.7: reg 0x14: [mem 0xfebfe000-0xfebfffff 64bit]
[    1.307883] pci 0000:00:0f.0: [15ad:0405] type 00 class 0x030000
[    1.309418] pci 0000:00:0f.0: reg 0x10: [io  0x1070-0x107f]
[    1.310709] pci 0000:00:0f.0: reg 0x14: [mem 0xe8000000-0xefffffff pref]
[    1.311770] pci 0000:00:0f.0: reg 0x18: [mem 0xfe000000-0xfe7fffff]
[    1.316976] pci 0000:00:0f.0: reg 0x30: [mem 0x00000000-0x00007fff pref]
[    1.317686] pci 0000:00:10.0: [1000:0030] type 00 class 0x010000
[    1.318527] pci 0000:00:10.0: reg 0x10: [io  0x1400-0x14ff]
[    1.319414] pci 0000:00:10.0: reg 0x14: [mem 0xfeba0000-0xfebbffff 64bit]
[    1.320212] pci 0000:00:10.0: reg 0x1c: [mem 0xfebc0000-0xfebdffff 64bit]
[    1.321694] pci 0000:00:10.0: reg 0x30: [mem 0x00000000-0x00003fff pref]
[    1.322370] pci 0000:00:11.0: [15ad:0790] type 01 class 0x060401
[    1.323911] pci 0000:00:15.0: [15ad:07a0] type 01 class 0x060400
[    1.324799] pci 0000:00:15.0: PME# supported from D0 D3hot D3cold
[    1.325315] pci 0000:00:15.1: [15ad:07a0] type 01 class 0x060400
[    1.326191] pci 0000:00:15.1: PME# supported from D0 D3hot D3cold
[    1.326663] pci 0000:00:15.2: [15ad:07a0] type 01 class 0x060400
[    1.327580] pci 0000:00:15.2: PME# supported from D0 D3hot D3cold
[    1.328320] pci 0000:00:15.3: [15ad:07a0] type 01 class 0x060400
[    1.329179] pci 0000:00:15.3: PME# supported from D0 D3hot D3cold
[    1.329654] pci 0000:00:15.4: [15ad:07a0] type 01 class 0x060400
[    1.330554] pci 0000:00:15.4: PME# supported from D0 D3hot D3cold
[    1.331015] pci 0000:00:15.5: [15ad:07a0] type 01 class 0x060400
[    1.331935] pci 0000:00:15.5: PME# supported from D0 D3hot D3cold
[    1.332449] pci 0000:00:15.6: [15ad:07a0] type 01 class 0x060400
[    1.333305] pci 0000:00:15.6: PME# supported from D0 D3hot D3cold
[    1.333767] pci 0000:00:15.7: [15ad:07a0] type 01 class 0x060400
[    1.334645] pci 0000:00:15.7: PME# supported from D0 D3hot D3cold
[    1.335351] pci 0000:00:16.0: [15ad:07a0] type 01 class 0x060400
[    1.336241] pci 0000:00:16.0: PME# supported from D0 D3hot D3cold
[    1.336875] pci 0000:00:16.1: [15ad:07a0] type 01 class 0x060400
[    1.337770] pci 0000:00:16.1: PME# supported from D0 D3hot D3cold
[    1.338263] pci 0000:00:16.2: [15ad:07a0] type 01 class 0x060400
[    1.339093] pci 0000:00:16.2: PME# supported from D0 D3hot D3cold
[    1.339830] pci 0000:00:16.3: [15ad:07a0] type 01 class 0x060400
[    1.340749] pci 0000:00:16.3: PME# supported from D0 D3hot D3cold
[    1.341253] pci 0000:00:16.4: [15ad:07a0] type 01 class 0x060400
[    1.342082] pci 0000:00:16.4: PME# supported from D0 D3hot D3cold
[    1.342619] pci 0000:00:16.5: [15ad:07a0] type 01 class 0x060400
[    1.343492] pci 0000:00:16.5: PME# supported from D0 D3hot D3cold
[    1.343944] pci 0000:00:16.6: [15ad:07a0] type 01 class 0x060400
[    1.344809] pci 0000:00:16.6: PME# supported from D0 D3hot D3cold
[    1.345456] pci 0000:00:16.7: [15ad:07a0] type 01 class 0x060400
[    1.346480] pci 0000:00:16.7: PME# supported from D0 D3hot D3cold
[    1.347199] pci 0000:00:17.0: [15ad:07a0] type 01 class 0x060400
[    1.348025] pci 0000:00:17.0: PME# supported from D0 D3hot D3cold
[    1.348548] pci 0000:00:17.1: [15ad:07a0] type 01 class 0x060400
[    1.349426] pci 0000:00:17.1: PME# supported from D0 D3hot D3cold
[    1.349870] pci 0000:00:17.2: [15ad:07a0] type 01 class 0x060400
[    1.350776] pci 0000:00:17.2: PME# supported from D0 D3hot D3cold
[    1.351432] pci 0000:00:17.3: [15ad:07a0] type 01 class 0x060400
[    1.352302] pci 0000:00:17.3: PME# supported from D0 D3hot D3cold
[    1.352780] pci 0000:00:17.4: [15ad:07a0] type 01 class 0x060400
[    1.353643] pci 0000:00:17.4: PME# supported from D0 D3hot D3cold
[    1.354163] pci 0000:00:17.5: [15ad:07a0] type 01 class 0x060400
[    1.354991] pci 0000:00:17.5: PME# supported from D0 D3hot D3cold
[    1.355807] pci 0000:00:17.6: [15ad:07a0] type 01 class 0x060400
[    1.356956] pci 0000:00:17.6: PME# supported from D0 D3hot D3cold
[    1.357510] pci 0000:00:17.7: [15ad:07a0] type 01 class 0x060400
[    1.358496] pci 0000:00:17.7: PME# supported from D0 D3hot D3cold
[    1.359192] pci 0000:00:18.0: [15ad:07a0] type 01 class 0x060400
[    1.360205] pci 0000:00:18.0: PME# supported from D0 D3hot D3cold
[    1.360770] pci 0000:00:18.1: [15ad:07a0] type 01 class 0x060400
[    1.361685] pci 0000:00:18.1: PME# supported from D0 D3hot D3cold
[    1.362251] pci 0000:00:18.2: [15ad:07a0] type 01 class 0x060400
[    1.363123] pci 0000:00:18.2: PME# supported from D0 D3hot D3cold
[    1.363971] pci 0000:00:18.3: [15ad:07a0] type 01 class 0x060400
[    1.364818] pci 0000:00:18.3: PME# supported from D0 D3hot D3cold
[    1.365336] pci 0000:00:18.4: [15ad:07a0] type 01 class 0x060400
[    1.366264] pci 0000:00:18.4: PME# supported from D0 D3hot D3cold
[    1.366732] pci 0000:00:18.5: [15ad:07a0] type 01 class 0x060400
[    1.367574] pci 0000:00:18.5: PME# supported from D0 D3hot D3cold
[    1.368064] pci 0000:00:18.6: [15ad:07a0] type 01 class 0x060400
[    1.368894] pci 0000:00:18.6: PME# supported from D0 D3hot D3cold
[    1.369420] pci 0000:00:18.7: [15ad:07a0] type 01 class 0x060400
[    1.370514] pci 0000:00:18.7: PME# supported from D0 D3hot D3cold
[    1.372384] pci_bus 0000:01: extended config space not accessible
[    1.377898] pci 0000:00:01.0: PCI bridge to [bus 01]
[    1.378113] pci_bus 0000:02: extended config space not accessible
[    1.378431] acpiphp: Slot [32] registered
[    1.378453] acpiphp: Slot [33] registered
[    1.378473] acpiphp: Slot [34] registered
[    1.378511] acpiphp: Slot [35] registered
[    1.378531] acpiphp: Slot [36] registered
[    1.378550] acpiphp: Slot [37] registered
[    1.378569] acpiphp: Slot [38] registered
[    1.378587] acpiphp: Slot [39] registered
[    1.378625] acpiphp: Slot [40] registered
[    1.378644] acpiphp: Slot [41] registered
[    1.378699] acpiphp: Slot [42] registered
[    1.378721] acpiphp: Slot [43] registered
[    1.378814] acpiphp: Slot [44] registered
[    1.378881] acpiphp: Slot [45] registered
[    1.378900] acpiphp: Slot [46] registered
[    1.378932] acpiphp: Slot [47] registered
[    1.378970] acpiphp: Slot [48] registered
[    1.378990] acpiphp: Slot [49] registered
[    1.379008] acpiphp: Slot [50] registered
[    1.379026] acpiphp: Slot [51] registered
[    1.379045] acpiphp: Slot [52] registered
[    1.379063] acpiphp: Slot [53] registered
[    1.379082] acpiphp: Slot [54] registered
[    1.379118] acpiphp: Slot [55] registered
[    1.379138] acpiphp: Slot [56] registered
[    1.379156] acpiphp: Slot [57] registered
[    1.379175] acpiphp: Slot [58] registered
[    1.379193] acpiphp: Slot [59] registered
[    1.379211] acpiphp: Slot [60] registered
[    1.379248] acpiphp: Slot [61] registered
[    1.379268] acpiphp: Slot [62] registered
[    1.379287] acpiphp: Slot [63] registered
[    1.379362] pci 0000:02:00.0: [15ad:0774] type 00 class 0x0c0300
[    1.383506] pci 0000:02:00.0: reg 0x20: [io  0x2080-0x209f]
[    1.385805] pci 0000:02:01.0: [8086:100f] type 00 class 0x020000
[    1.386835] pci 0000:02:01.0: reg 0x10: [mem 0xfd5c0000-0xfd5dffff 64bit]
[    1.387773] pci 0000:02:01.0: reg 0x18: [mem 0xfdff0000-0xfdffffff 64bit]
[    1.388715] pci 0000:02:01.0: reg 0x20: [io  0x2000-0x203f]
[    1.390242] pci 0000:02:01.0: reg 0x30: [mem 0x00000000-0x0000ffff pref]
[    1.390577] pci 0000:02:01.0: PME# supported from D0 D3hot D3cold
[    1.391434] pci 0000:02:02.0: [1274:1371] type 00 class 0x040100
[    1.391945] pci 0000:02:02.0: reg 0x10: [io  0x2040-0x207f]
[    1.395433] pci 0000:02:03.0: [15ad:0770] type 00 class 0x0c0320
[    1.396011] pci 0000:02:03.0: reg 0x10: [mem 0xfd5ef000-0xfd5effff]
[    1.400168] pci 0000:02:04.0: [15ad:07e0] type 00 class 0x010601
[    1.403447] pci 0000:02:04.0: reg 0x24: [mem 0xfd5ee000-0xfd5eefff]
[    1.403769] pci 0000:02:04.0: reg 0x30: [mem 0x00000000-0x0000ffff pref]
[    1.404185] pci 0000:02:04.0: PME# supported from D3hot
[    1.409953] pci 0000:00:11.0: PCI bridge to [bus 02] (subtractive decode)
[    1.409976] pci 0000:00:11.0:   bridge window [io  0x2000-0x3fff]
[    1.409997] pci 0000:00:11.0:   bridge window [mem 0xfd500000-0xfdffffff]
[    1.410036] pci 0000:00:11.0:   bridge window [mem 0xe7b00000-0xe7ffffff 64bit pref]
[    1.410038] pci 0000:00:11.0:   bridge window [mem 0x000a0000-0x000bffff window] (subtractive decode)
[    1.410039] pci 0000:00:11.0:   bridge window [mem 0x000d0000-0x000dbfff window] (subtractive decode)
[    1.410040] pci 0000:00:11.0:   bridge window [mem 0xc0000000-0xfebfffff window] (subtractive decode)
[    1.410041] pci 0000:00:11.0:   bridge window [io  0x0000-0x0cf7 window] (subtractive decode)
[    1.410042] pci 0000:00:11.0:   bridge window [io  0x0d00-0xfeff window] (subtractive decode)
[    1.415764] pci 0000:00:15.0: PCI bridge to [bus 03]
[    1.415777] pci 0000:00:15.0:   bridge window [io  0x4000-0x4fff]
[    1.415798] pci 0000:00:15.0:   bridge window [mem 0xfd400000-0xfd4fffff]
[    1.415838] pci 0000:00:15.0:   bridge window [mem 0xe7a00000-0xe7afffff 64bit pref]
[    1.420865] pci 0000:00:15.1: PCI bridge to [bus 04]
[    1.420893] pci 0000:00:15.1:   bridge window [io  0x8000-0x8fff]
[    1.420914] pci 0000:00:15.1:   bridge window [mem 0xfd000000-0xfd0fffff]
[    1.420954] pci 0000:00:15.1:   bridge window [mem 0xe7600000-0xe76fffff 64bit pref]
[    1.425860] pci 0000:00:15.2: PCI bridge to [bus 05]
[    1.425904] pci 0000:00:15.2:   bridge window [io  0xc000-0xcfff]
[    1.425927] pci 0000:00:15.2:   bridge window [mem 0xfcc00000-0xfccfffff]
[    1.426000] pci 0000:00:15.2:   bridge window [mem 0xe7200000-0xe72fffff 64bit pref]
[    1.431326] pci 0000:00:15.3: PCI bridge to [bus 06]
[    1.431370] pci 0000:00:15.3:   bridge window [mem 0xfc800000-0xfc8fffff]
[    1.431410] pci 0000:00:15.3:   bridge window [mem 0xe6e00000-0xe6efffff 64bit pref]
[    1.436620] pci 0000:00:15.4: PCI bridge to [bus 07]
[    1.436704] pci 0000:00:15.4:   bridge window [mem 0xfc400000-0xfc4fffff]
[    1.436788] pci 0000:00:15.4:   bridge window [mem 0xe6a00000-0xe6afffff 64bit pref]
[    1.442425] pci 0000:00:15.5: PCI bridge to [bus 08]
[    1.442518] pci 0000:00:15.5:   bridge window [mem 0xfc000000-0xfc0fffff]
[    1.442576] pci 0000:00:15.5:   bridge window [mem 0xe6600000-0xe66fffff 64bit pref]
[    1.447726] pci 0000:00:15.6: PCI bridge to [bus 09]
[    1.447787] pci 0000:00:15.6:   bridge window [mem 0xfbc00000-0xfbcfffff]
[    1.447843] pci 0000:00:15.6:   bridge window [mem 0xe6200000-0xe62fffff 64bit pref]
[    1.452668] pci 0000:00:15.7: PCI bridge to [bus 0a]
[    1.452710] pci 0000:00:15.7:   bridge window [mem 0xfb800000-0xfb8fffff]
[    1.452750] pci 0000:00:15.7:   bridge window [mem 0xe5e00000-0xe5efffff 64bit pref]
[    1.457792] pci 0000:00:16.0: PCI bridge to [bus 0b]
[    1.457832] pci 0000:00:16.0:   bridge window [io  0x5000-0x5fff]
[    1.457853] pci 0000:00:16.0:   bridge window [mem 0xfd300000-0xfd3fffff]
[    1.457893] pci 0000:00:16.0:   bridge window [mem 0xe7900000-0xe79fffff 64bit pref]
[    1.463764] pci 0000:00:16.1: PCI bridge to [bus 0c]
[    1.463778] pci 0000:00:16.1:   bridge window [io  0x9000-0x9fff]
[    1.463800] pci 0000:00:16.1:   bridge window [mem 0xfcf00000-0xfcffffff]
[    1.463870] pci 0000:00:16.1:   bridge window [mem 0xe7500000-0xe75fffff 64bit pref]
[    1.468926] pci 0000:00:16.2: PCI bridge to [bus 0d]
[    1.468949] pci 0000:00:16.2:   bridge window [io  0xd000-0xdfff]
[    1.468970] pci 0000:00:16.2:   bridge window [mem 0xfcb00000-0xfcbfffff]
[    1.469010] pci 0000:00:16.2:   bridge window [mem 0xe7100000-0xe71fffff 64bit pref]
[    1.474200] pci 0000:00:16.3: PCI bridge to [bus 0e]
[    1.474242] pci 0000:00:16.3:   bridge window [mem 0xfc700000-0xfc7fffff]
[    1.474282] pci 0000:00:16.3:   bridge window [mem 0xe6d00000-0xe6dfffff 64bit pref]
[    1.479139] pci 0000:00:16.4: PCI bridge to [bus 0f]
[    1.479181] pci 0000:00:16.4:   bridge window [mem 0xfc300000-0xfc3fffff]
[    1.479220] pci 0000:00:16.4:   bridge window [mem 0xe6900000-0xe69fffff 64bit pref]
[    1.483935] pci 0000:00:16.5: PCI bridge to [bus 10]
[    1.483995] pci 0000:00:16.5:   bridge window [mem 0xfbf00000-0xfbffffff]
[    1.484035] pci 0000:00:16.5:   bridge window [mem 0xe6500000-0xe65fffff 64bit pref]
[    1.489019] pci 0000:00:16.6: PCI bridge to [bus 11]
[    1.489064] pci 0000:00:16.6:   bridge window [mem 0xfbb00000-0xfbbfffff]
[    1.489105] pci 0000:00:16.6:   bridge window [mem 0xe6100000-0xe61fffff 64bit pref]
[    1.493924] pci 0000:00:16.7: PCI bridge to [bus 12]
[    1.493967] pci 0000:00:16.7:   bridge window [mem 0xfb700000-0xfb7fffff]
[    1.494008] pci 0000:00:16.7:   bridge window [mem 0xe5d00000-0xe5dfffff 64bit pref]
[    1.499098] pci 0000:00:17.0: PCI bridge to [bus 13]
[    1.499121] pci 0000:00:17.0:   bridge window [io  0x6000-0x6fff]
[    1.499142] pci 0000:00:17.0:   bridge window [mem 0xfd200000-0xfd2fffff]
[    1.499181] pci 0000:00:17.0:   bridge window [mem 0xe7800000-0xe78fffff 64bit pref]
[    1.503764] pci 0000:00:17.1: PCI bridge to [bus 14]
[    1.503777] pci 0000:00:17.1:   bridge window [io  0xa000-0xafff]
[    1.503797] pci 0000:00:17.1:   bridge window [mem 0xfce00000-0xfcefffff]
[    1.503837] pci 0000:00:17.1:   bridge window [mem 0xe7400000-0xe74fffff 64bit pref]
[    1.509140] pci 0000:00:17.2: PCI bridge to [bus 15]
[    1.509162] pci 0000:00:17.2:   bridge window [io  0xe000-0xefff]
[    1.509183] pci 0000:00:17.2:   bridge window [mem 0xfca00000-0xfcafffff]
[    1.509222] pci 0000:00:17.2:   bridge window [mem 0xe7000000-0xe70fffff 64bit pref]
[    1.514525] pci 0000:00:17.3: PCI bridge to [bus 16]
[    1.514567] pci 0000:00:17.3:   bridge window [mem 0xfc600000-0xfc6fffff]
[    1.514606] pci 0000:00:17.3:   bridge window [mem 0xe6c00000-0xe6cfffff 64bit pref]
[    1.519469] pci 0000:00:17.4: PCI bridge to [bus 17]
[    1.519510] pci 0000:00:17.4:   bridge window [mem 0xfc200000-0xfc2fffff]
[    1.519550] pci 0000:00:17.4:   bridge window [mem 0xe6800000-0xe68fffff 64bit pref]
[    1.524509] pci 0000:00:17.5: PCI bridge to [bus 18]
[    1.524552] pci 0000:00:17.5:   bridge window [mem 0xfbe00000-0xfbefffff]
[    1.524591] pci 0000:00:17.5:   bridge window [mem 0xe6400000-0xe64fffff 64bit pref]
[    1.529613] pci 0000:00:17.6: PCI bridge to [bus 19]
[    1.529654] pci 0000:00:17.6:   bridge window [mem 0xfba00000-0xfbafffff]
[    1.529694] pci 0000:00:17.6:   bridge window [mem 0xe6000000-0xe60fffff 64bit pref]
[    1.534524] pci 0000:00:17.7: PCI bridge to [bus 1a]
[    1.534566] pci 0000:00:17.7:   bridge window [mem 0xfb600000-0xfb6fffff]
[    1.534605] pci 0000:00:17.7:   bridge window [mem 0xe5c00000-0xe5cfffff 64bit pref]
[    1.539764] pci 0000:00:18.0: PCI bridge to [bus 1b]
[    1.539776] pci 0000:00:18.0:   bridge window [io  0x7000-0x7fff]
[    1.539796] pci 0000:00:18.0:   bridge window [mem 0xfd100000-0xfd1fffff]
[    1.539834] pci 0000:00:18.0:   bridge window [mem 0xe7700000-0xe77fffff 64bit pref]
[    1.545576] pci 0000:00:18.1: PCI bridge to [bus 1c]
[    1.545598] pci 0000:00:18.1:   bridge window [io  0xb000-0xbfff]
[    1.545617] pci 0000:00:18.1:   bridge window [mem 0xfcd00000-0xfcdfffff]
[    1.545655] pci 0000:00:18.1:   bridge window [mem 0xe7300000-0xe73fffff 64bit pref]
[    1.550395] pci 0000:00:18.2: PCI bridge to [bus 1d]
[    1.550437] pci 0000:00:18.2:   bridge window [mem 0xfc900000-0xfc9fffff]
[    1.550476] pci 0000:00:18.2:   bridge window [mem 0xe6f00000-0xe6ffffff 64bit pref]
[    1.555726] pci 0000:00:18.3: PCI bridge to [bus 1e]
[    1.555767] pci 0000:00:18.3:   bridge window [mem 0xfc500000-0xfc5fffff]
[    1.555842] pci 0000:00:18.3:   bridge window [mem 0xe6b00000-0xe6bfffff 64bit pref]
[    1.560806] pci 0000:00:18.4: PCI bridge to [bus 1f]
[    1.560848] pci 0000:00:18.4:   bridge window [mem 0xfc100000-0xfc1fffff]
[    1.560887] pci 0000:00:18.4:   bridge window [mem 0xe6700000-0xe67fffff 64bit pref]
[    1.565729] pci 0000:00:18.5: PCI bridge to [bus 20]
[    1.565820] pci 0000:00:18.5:   bridge window [mem 0xfbd00000-0xfbdfffff]
[    1.565875] pci 0000:00:18.5:   bridge window [mem 0xe6300000-0xe63fffff 64bit pref]
[    1.571764] pci 0000:00:18.6: PCI bridge to [bus 21]
[    1.571794] pci 0000:00:18.6:   bridge window [mem 0xfb900000-0xfb9fffff]
[    1.571832] pci 0000:00:18.6:   bridge window [mem 0xe5f00000-0xe5ffffff 64bit pref]
[    1.576919] pci 0000:00:18.7: PCI bridge to [bus 22]
[    1.576960] pci 0000:00:18.7:   bridge window [mem 0xfb500000-0xfb5fffff]
[    1.577000] pci 0000:00:18.7:   bridge window [mem 0xe5b00000-0xe5bfffff 64bit pref]
[    1.579606] ACPI: PCI: Interrupt link LNKA configured for IRQ 9
[    1.579694] ACPI: PCI: Interrupt link LNKB configured for IRQ 11
[    1.579780] ACPI: PCI: Interrupt link LNKC configured for IRQ 10
[    1.579895] ACPI: PCI: Interrupt link LNKD configured for IRQ 7
[    1.626990] iommu: Default domain type: Translated 
[    1.626990] iommu: DMA domain TLB invalidation policy: lazy mode 
[    1.626990] pci 0000:00:0f.0: vgaarb: setting as boot VGA device
[    1.626990] pci 0000:00:0f.0: vgaarb: VGA device added: decodes=io+mem,owns=io+mem,locks=none
[    1.626990] pci 0000:00:0f.0: vgaarb: bridge control possible
[    1.626990] vgaarb: loaded
[    1.628091] SCSI subsystem initialized
[    1.628374] libata version 3.00 loaded.
[    1.628430] ACPI: bus type USB registered
[    1.628441] usbcore: registered new interface driver usbfs
[    1.628446] usbcore: registered new interface driver hub
[    1.628491] usbcore: registered new device driver usb
[    1.628657] pps_core: LinuxPPS API ver. 1 registered
[    1.628659] pps_core: Software ver. 5.3.6 - Copyright 2005-2007 Rodolfo Giometti <giometti@linux.it>
[    1.628660] PTP clock support registered
[    1.628793] EDAC MC: Ver: 3.0.0
[    1.629528] NetLabel: Initializing
[    1.629528] NetLabel:  domain hash size = 128
[    1.629528] NetLabel:  protocols = UNLABELED CIPSOv4 CALIPSO
[    1.629528] NetLabel:  unlabeled traffic allowed by default
[    1.631778] PCI: Using ACPI for IRQ routing
[    1.654083] PCI: pci_cache_line_size set to 64 bytes
[    1.655067] e820: reserve RAM buffer [mem 0x0009e800-0x0009ffff]
[    1.655071] e820: reserve RAM buffer [mem 0xbfed0000-0xbfffffff]
[    1.657405] hpet0: at MMIO 0xfed00000, IRQs 2, 8, 0, 0, 0, 0, 0, 0, 0, 0, 0, 0, 0, 0, 0, 0
[    1.657414] hpet0: 16 comparators, 64-bit 14.318180 MHz counter
[    1.659672] clocksource: Switched to clocksource tsc-early
[    1.717181] VFS: Disk quotas dquot_6.6.0
[    1.717217] VFS: Dquot-cache hash table entries: 512 (order 0, 4096 bytes)
[    1.717653] AppArmor: AppArmor Filesystem Enabled
[    1.717705] pnp: PnP ACPI init
[    1.718022] system 00:00: [io  0x1000-0x103f] has been reserved
[    1.718025] system 00:00: [io  0x1040-0x104f] has been reserved
[    1.718027] system 00:00: [io  0x0cf0-0x0cf1] has been reserved
[    1.718258] system 00:04: [mem 0xfed00000-0xfed003ff] has been reserved
[    1.720483] system 00:06: [io  0xfce0-0xfcff] has been reserved
[    1.720486] system 00:06: [mem 0xf0000000-0xf7ffffff] has been reserved
[    1.720487] system 00:06: [mem 0xfe800000-0xfe9fffff] has been reserved
[    1.751012] pnp: PnP ACPI: found 7 devices
[    1.765694] clocksource: acpi_pm: mask: 0xffffff max_cycles: 0xffffff, max_idle_ns: 2085701024 ns
[    1.765952] NET: Registered PF_INET protocol family
[    1.770112] IP idents hash table entries: 131072 (order: 8, 1048576 bytes, linear)
[    1.771542] tcp_listen_portaddr_hash hash table entries: 4096 (order: 4, 65536 bytes, linear)
[    1.773649] TCP established hash table entries: 65536 (order: 7, 524288 bytes, linear)
[    1.778038] TCP bind hash table entries: 65536 (order: 8, 1048576 bytes, linear)
[    1.778091] TCP: Hash tables configured (established 65536 bind 65536)
[    1.780836] MPTCP token hash table entries: 8192 (order: 5, 196608 bytes, linear)
[    1.781377] UDP hash table entries: 4096 (order: 5, 131072 bytes, linear)
[    1.782050] UDP-Lite hash table entries: 4096 (order: 5, 131072 bytes, linear)
[    1.783198] NET: Registered PF_UNIX/PF_LOCAL protocol family
[    1.783256] NET: Registered PF_XDP protocol family
[    1.783274] pci 0000:00:15.3: bridge window [io  0x1000-0x0fff] to [bus 06] add_size 1000
[    1.783277] pci 0000:00:15.4: bridge window [io  0x1000-0x0fff] to [bus 07] add_size 1000
[    1.783279] pci 0000:00:15.5: bridge window [io  0x1000-0x0fff] to [bus 08] add_size 1000
[    1.783280] pci 0000:00:15.6: bridge window [io  0x1000-0x0fff] to [bus 09] add_size 1000
[    1.783281] pci 0000:00:15.7: bridge window [io  0x1000-0x0fff] to [bus 0a] add_size 1000
[    1.783283] pci 0000:00:16.3: bridge window [io  0x1000-0x0fff] to [bus 0e] add_size 1000
[    1.783284] pci 0000:00:16.4: bridge window [io  0x1000-0x0fff] to [bus 0f] add_size 1000
[    1.783285] pci 0000:00:16.5: bridge window [io  0x1000-0x0fff] to [bus 10] add_size 1000
[    1.783286] pci 0000:00:16.6: bridge window [io  0x1000-0x0fff] to [bus 11] add_size 1000
[    1.783287] pci 0000:00:16.7: bridge window [io  0x1000-0x0fff] to [bus 12] add_size 1000
[    1.783289] pci 0000:00:17.3: bridge window [io  0x1000-0x0fff] to [bus 16] add_size 1000
[    1.783290] pci 0000:00:17.4: bridge window [io  0x1000-0x0fff] to [bus 17] add_size 1000
[    1.783291] pci 0000:00:17.5: bridge window [io  0x1000-0x0fff] to [bus 18] add_size 1000
[    1.783292] pci 0000:00:17.6: bridge window [io  0x1000-0x0fff] to [bus 19] add_size 1000
[    1.783293] pci 0000:00:17.7: bridge window [io  0x1000-0x0fff] to [bus 1a] add_size 1000
[    1.783295] pci 0000:00:18.2: bridge window [io  0x1000-0x0fff] to [bus 1d] add_size 1000
[    1.783296] pci 0000:00:18.3: bridge window [io  0x1000-0x0fff] to [bus 1e] add_size 1000
[    1.783297] pci 0000:00:18.4: bridge window [io  0x1000-0x0fff] to [bus 1f] add_size 1000
[    1.783298] pci 0000:00:18.5: bridge window [io  0x1000-0x0fff] to [bus 20] add_size 1000
[    1.783299] pci 0000:00:18.6: bridge window [io  0x1000-0x0fff] to [bus 21] add_size 1000
[    1.783301] pci 0000:00:18.7: bridge window [io  0x1000-0x0fff] to [bus 22] add_size 1000
[    1.783312] pci 0000:00:0f.0: BAR 6: assigned [mem 0xc0000000-0xc0007fff pref]
[    1.783314] pci 0000:00:10.0: BAR 6: assigned [mem 0xc0008000-0xc000bfff pref]
[    1.783317] pci 0000:00:15.3: BAR 13: no space for [io  size 0x1000]
[    1.783318] pci 0000:00:15.3: BAR 13: failed to assign [io  size 0x1000]
[    1.783320] pci 0000:00:15.4: BAR 13: no space for [io  size 0x1000]
[    1.783321] pci 0000:00:15.4: BAR 13: failed to assign [io  size 0x1000]
[    1.783322] pci 0000:00:15.5: BAR 13: no space for [io  size 0x1000]
[    1.783323] pci 0000:00:15.5: BAR 13: failed to assign [io  size 0x1000]
[    1.783325] pci 0000:00:15.6: BAR 13: no space for [io  size 0x1000]
[    1.783325] pci 0000:00:15.6: BAR 13: failed to assign [io  size 0x1000]
[    1.783327] pci 0000:00:15.7: BAR 13: no space for [io  size 0x1000]
[    1.783328] pci 0000:00:15.7: BAR 13: failed to assign [io  size 0x1000]
[    1.783329] pci 0000:00:16.3: BAR 13: no space for [io  size 0x1000]
[    1.783330] pci 0000:00:16.3: BAR 13: failed to assign [io  size 0x1000]
[    1.783331] pci 0000:00:16.4: BAR 13: no space for [io  size 0x1000]
[    1.783332] pci 0000:00:16.4: BAR 13: failed to assign [io  size 0x1000]
[    1.783333] pci 0000:00:16.5: BAR 13: no space for [io  size 0x1000]
[    1.783334] pci 0000:00:16.5: BAR 13: failed to assign [io  size 0x1000]
[    1.783335] pci 0000:00:16.6: BAR 13: no space for [io  size 0x1000]
[    1.783336] pci 0000:00:16.6: BAR 13: failed to assign [io  size 0x1000]
[    1.783338] pci 0000:00:16.7: BAR 13: no space for [io  size 0x1000]
[    1.783338] pci 0000:00:16.7: BAR 13: failed to assign [io  size 0x1000]
[    1.783340] pci 0000:00:17.3: BAR 13: no space for [io  size 0x1000]
[    1.783341] pci 0000:00:17.3: BAR 13: failed to assign [io  size 0x1000]
[    1.783342] pci 0000:00:17.4: BAR 13: no space for [io  size 0x1000]
[    1.783343] pci 0000:00:17.4: BAR 13: failed to assign [io  size 0x1000]
[    1.783344] pci 0000:00:17.5: BAR 13: no space for [io  size 0x1000]
[    1.783345] pci 0000:00:17.5: BAR 13: failed to assign [io  size 0x1000]
[    1.783346] pci 0000:00:17.6: BAR 13: no space for [io  size 0x1000]
[    1.783347] pci 0000:00:17.6: BAR 13: failed to assign [io  size 0x1000]
[    1.783349] pci 0000:00:17.7: BAR 13: no space for [io  size 0x1000]
[    1.783350] pci 0000:00:17.7: BAR 13: failed to assign [io  size 0x1000]
[    1.783351] pci 0000:00:18.2: BAR 13: no space for [io  size 0x1000]
[    1.783352] pci 0000:00:18.2: BAR 13: failed to assign [io  size 0x1000]
[    1.783353] pci 0000:00:18.3: BAR 13: no space for [io  size 0x1000]
[    1.783354] pci 0000:00:18.3: BAR 13: failed to assign [io  size 0x1000]
[    1.783355] pci 0000:00:18.4: BAR 13: no space for [io  size 0x1000]
[    1.783356] pci 0000:00:18.4: BAR 13: failed to assign [io  size 0x1000]
[    1.783357] pci 0000:00:18.5: BAR 13: no space for [io  size 0x1000]
[    1.783358] pci 0000:00:18.5: BAR 13: failed to assign [io  size 0x1000]
[    1.783360] pci 0000:00:18.6: BAR 13: no space for [io  size 0x1000]
[    1.783360] pci 0000:00:18.6: BAR 13: failed to assign [io  size 0x1000]
[    1.783362] pci 0000:00:18.7: BAR 13: no space for [io  size 0x1000]
[    1.783363] pci 0000:00:18.7: BAR 13: failed to assign [io  size 0x1000]
[    1.783366] pci 0000:00:18.7: BAR 13: no space for [io  size 0x1000]
[    1.783367] pci 0000:00:18.7: BAR 13: failed to assign [io  size 0x1000]
[    1.783368] pci 0000:00:18.6: BAR 13: no space for [io  size 0x1000]
[    1.783369] pci 0000:00:18.6: BAR 13: failed to assign [io  size 0x1000]
[    1.783371] pci 0000:00:18.5: BAR 13: no space for [io  size 0x1000]
[    1.783371] pci 0000:00:18.5: BAR 13: failed to assign [io  size 0x1000]
[    1.783373] pci 0000:00:18.4: BAR 13: no space for [io  size 0x1000]
[    1.783374] pci 0000:00:18.4: BAR 13: failed to assign [io  size 0x1000]
[    1.783375] pci 0000:00:18.3: BAR 13: no space for [io  size 0x1000]
[    1.783376] pci 0000:00:18.3: BAR 13: failed to assign [io  size 0x1000]
[    1.783377] pci 0000:00:18.2: BAR 13: no space for [io  size 0x1000]
[    1.783378] pci 0000:00:18.2: BAR 13: failed to assign [io  size 0x1000]
[    1.783379] pci 0000:00:17.7: BAR 13: no space for [io  size 0x1000]
[    1.783380] pci 0000:00:17.7: BAR 13: failed to assign [io  size 0x1000]
[    1.783382] pci 0000:00:17.6: BAR 13: no space for [io  size 0x1000]
[    1.783382] pci 0000:00:17.6: BAR 13: failed to assign [io  size 0x1000]
[    1.783384] pci 0000:00:17.5: BAR 13: no space for [io  size 0x1000]
[    1.783385] pci 0000:00:17.5: BAR 13: failed to assign [io  size 0x1000]
[    1.783386] pci 0000:00:17.4: BAR 13: no space for [io  size 0x1000]
[    1.783387] pci 0000:00:17.4: BAR 13: failed to assign [io  size 0x1000]
[    1.783388] pci 0000:00:17.3: BAR 13: no space for [io  size 0x1000]
[    1.783389] pci 0000:00:17.3: BAR 13: failed to assign [io  size 0x1000]
[    1.783390] pci 0000:00:16.7: BAR 13: no space for [io  size 0x1000]
[    1.783391] pci 0000:00:16.7: BAR 13: failed to assign [io  size 0x1000]
[    1.783393] pci 0000:00:16.6: BAR 13: no space for [io  size 0x1000]
[    1.783393] pci 0000:00:16.6: BAR 13: failed to assign [io  size 0x1000]
[    1.783395] pci 0000:00:16.5: BAR 13: no space for [io  size 0x1000]
[    1.783396] pci 0000:00:16.5: BAR 13: failed to assign [io  size 0x1000]
[    1.783397] pci 0000:00:16.4: BAR 13: no space for [io  size 0x1000]
[    1.783398] pci 0000:00:16.4: BAR 13: failed to assign [io  size 0x1000]
[    1.783399] pci 0000:00:16.3: BAR 13: no space for [io  size 0x1000]
[    1.783400] pci 0000:00:16.3: BAR 13: failed to assign [io  size 0x1000]
[    1.783401] pci 0000:00:15.7: BAR 13: no space for [io  size 0x1000]
[    1.783402] pci 0000:00:15.7: BAR 13: failed to assign [io  size 0x1000]
[    1.783403] pci 0000:00:15.6: BAR 13: no space for [io  size 0x1000]
[    1.783404] pci 0000:00:15.6: BAR 13: failed to assign [io  size 0x1000]
[    1.783406] pci 0000:00:15.5: BAR 13: no space for [io  size 0x1000]
[    1.783406] pci 0000:00:15.5: BAR 13: failed to assign [io  size 0x1000]
[    1.783408] pci 0000:00:15.4: BAR 13: no space for [io  size 0x1000]
[    1.783409] pci 0000:00:15.4: BAR 13: failed to assign [io  size 0x1000]
[    1.783410] pci 0000:00:15.3: BAR 13: no space for [io  size 0x1000]
[    1.783411] pci 0000:00:15.3: BAR 13: failed to assign [io  size 0x1000]
[    1.783413] pci 0000:00:01.0: PCI bridge to [bus 01]
[    1.783547] pci 0000:02:01.0: BAR 6: assigned [mem 0xfd500000-0xfd50ffff pref]
[    1.783549] pci 0000:02:04.0: BAR 6: assigned [mem 0xfd510000-0xfd51ffff pref]
[    1.783551] pci 0000:00:11.0: PCI bridge to [bus 02]
[    1.783566] pci 0000:00:11.0:   bridge window [io  0x2000-0x3fff]
[    1.783606] pci 0000:00:11.0:   bridge window [mem 0xfd500000-0xfdffffff]
[    1.783626] pci 0000:00:11.0:   bridge window [mem 0xe7b00000-0xe7ffffff 64bit pref]
[    1.783666] pci 0000:00:15.0: PCI bridge to [bus 03]
[    1.783681] pci 0000:00:15.0:   bridge window [io  0x4000-0x4fff]
[    1.783712] pci 0000:00:15.0:   bridge window [mem 0xfd400000-0xfd4fffff]
[    1.783732] pci 0000:00:15.0:   bridge window [mem 0xe7a00000-0xe7afffff 64bit pref]
[    1.783806] pci 0000:00:15.1: PCI bridge to [bus 04]
[    1.783832] pci 0000:00:15.1:   bridge window [io  0x8000-0x8fff]
[    1.783862] pci 0000:00:15.1:   bridge window [mem 0xfd000000-0xfd0fffff]
[    1.783883] pci 0000:00:15.1:   bridge window [mem 0xe7600000-0xe76fffff 64bit pref]
[    1.783933] pci 0000:00:15.2: PCI bridge to [bus 05]
[    1.783945] pci 0000:00:15.2:   bridge window [io  0xc000-0xcfff]
[    1.783975] pci 0000:00:15.2:   bridge window [mem 0xfcc00000-0xfccfffff]
[    1.783996] pci 0000:00:15.2:   bridge window [mem 0xe7200000-0xe72fffff 64bit pref]
[    1.784044] pci 0000:00:15.3: PCI bridge to [bus 06]
[    1.784075] pci 0000:00:15.3:   bridge window [mem 0xfc800000-0xfc8fffff]
[    1.784095] pci 0000:00:15.3:   bridge window [mem 0xe6e00000-0xe6efffff 64bit pref]
[    1.784143] pci 0000:00:15.4: PCI bridge to [bus 07]
[    1.784173] pci 0000:00:15.4:   bridge window [mem 0xfc400000-0xfc4fffff]
[    1.784194] pci 0000:00:15.4:   bridge window [mem 0xe6a00000-0xe6afffff 64bit pref]
[    1.784242] pci 0000:00:15.5: PCI bridge to [bus 08]
[    1.784272] pci 0000:00:15.5:   bridge window [mem 0xfc000000-0xfc0fffff]
[    1.784292] pci 0000:00:15.5:   bridge window [mem 0xe6600000-0xe66fffff 64bit pref]
[    1.784340] pci 0000:00:15.6: PCI bridge to [bus 09]
[    1.784370] pci 0000:00:15.6:   bridge window [mem 0xfbc00000-0xfbcfffff]
[    1.784390] pci 0000:00:15.6:   bridge window [mem 0xe6200000-0xe62fffff 64bit pref]
[    1.784438] pci 0000:00:15.7: PCI bridge to [bus 0a]
[    1.784468] pci 0000:00:15.7:   bridge window [mem 0xfb800000-0xfb8fffff]
[    1.784489] pci 0000:00:15.7:   bridge window [mem 0xe5e00000-0xe5efffff 64bit pref]
[    1.784570] pci 0000:00:16.0: PCI bridge to [bus 0b]
[    1.784582] pci 0000:00:16.0:   bridge window [io  0x5000-0x5fff]
[    1.784612] pci 0000:00:16.0:   bridge window [mem 0xfd300000-0xfd3fffff]
[    1.784632] pci 0000:00:16.0:   bridge window [mem 0xe7900000-0xe79fffff 64bit pref]
[    1.784680] pci 0000:00:16.1: PCI bridge to [bus 0c]
[    1.784691] pci 0000:00:16.1:   bridge window [io  0x9000-0x9fff]
[    1.784721] pci 0000:00:16.1:   bridge window [mem 0xfcf00000-0xfcffffff]
[    1.784742] pci 0000:00:16.1:   bridge window [mem 0xe7500000-0xe75fffff 64bit pref]
[    1.784790] pci 0000:00:16.2: PCI bridge to [bus 0d]
[    1.784801] pci 0000:00:16.2:   bridge window [io  0xd000-0xdfff]
[    1.784831] pci 0000:00:16.2:   bridge window [mem 0xfcb00000-0xfcbfffff]
[    1.784851] pci 0000:00:16.2:   bridge window [mem 0xe7100000-0xe71fffff 64bit pref]
[    1.784899] pci 0000:00:16.3: PCI bridge to [bus 0e]
[    1.784930] pci 0000:00:16.3:   bridge window [mem 0xfc700000-0xfc7fffff]
[    1.784950] pci 0000:00:16.3:   bridge window [mem 0xe6d00000-0xe6dfffff 64bit pref]
[    1.784997] pci 0000:00:16.4: PCI bridge to [bus 0f]
[    1.785028] pci 0000:00:16.4:   bridge window [mem 0xfc300000-0xfc3fffff]
[    1.785048] pci 0000:00:16.4:   bridge window [mem 0xe6900000-0xe69fffff 64bit pref]
[    1.785096] pci 0000:00:16.5: PCI bridge to [bus 10]
[    1.785126] pci 0000:00:16.5:   bridge window [mem 0xfbf00000-0xfbffffff]
[    1.785146] pci 0000:00:16.5:   bridge window [mem 0xe6500000-0xe65fffff 64bit pref]
[    1.785194] pci 0000:00:16.6: PCI bridge to [bus 11]
[    1.785224] pci 0000:00:16.6:   bridge window [mem 0xfbb00000-0xfbbfffff]
[    1.785245] pci 0000:00:16.6:   bridge window [mem 0xe6100000-0xe61fffff 64bit pref]
[    1.785304] pci 0000:00:16.7: PCI bridge to [bus 12]
[    1.785333] pci 0000:00:16.7:   bridge window [mem 0xfb700000-0xfb7fffff]
[    1.785352] pci 0000:00:16.7:   bridge window [mem 0xe5d00000-0xe5dfffff 64bit pref]
[    1.785402] pci 0000:00:17.0: PCI bridge to [bus 13]
[    1.785413] pci 0000:00:17.0:   bridge window [io  0x6000-0x6fff]
[    1.785442] pci 0000:00:17.0:   bridge window [mem 0xfd200000-0xfd2fffff]
[    1.785461] pci 0000:00:17.0:   bridge window [mem 0xe7800000-0xe78fffff 64bit pref]
[    1.785547] pci 0000:00:17.1: PCI bridge to [bus 14]
[    1.785558] pci 0000:00:17.1:   bridge window [io  0xa000-0xafff]
[    1.785586] pci 0000:00:17.1:   bridge window [mem 0xfce00000-0xfcefffff]
[    1.785606] pci 0000:00:17.1:   bridge window [mem 0xe7400000-0xe74fffff 64bit pref]
[    1.785651] pci 0000:00:17.2: PCI bridge to [bus 15]
[    1.785662] pci 0000:00:17.2:   bridge window [io  0xe000-0xefff]
[    1.785690] pci 0000:00:17.2:   bridge window [mem 0xfca00000-0xfcafffff]
[    1.785710] pci 0000:00:17.2:   bridge window [mem 0xe7000000-0xe70fffff 64bit pref]
[    1.785755] pci 0000:00:17.3: PCI bridge to [bus 16]
[    1.785784] pci 0000:00:17.3:   bridge window [mem 0xfc600000-0xfc6fffff]
[    1.785803] pci 0000:00:17.3:   bridge window [mem 0xe6c00000-0xe6cfffff 64bit pref]
[    1.785848] pci 0000:00:17.4: PCI bridge to [bus 17]
[    1.785877] pci 0000:00:17.4:   bridge window [mem 0xfc200000-0xfc2fffff]
[    1.785896] pci 0000:00:17.4:   bridge window [mem 0xe6800000-0xe68fffff 64bit pref]
[    1.785942] pci 0000:00:17.5: PCI bridge to [bus 18]
[    1.785970] pci 0000:00:17.5:   bridge window [mem 0xfbe00000-0xfbefffff]
[    1.785989] pci 0000:00:17.5:   bridge window [mem 0xe6400000-0xe64fffff 64bit pref]
[    1.786035] pci 0000:00:17.6: PCI bridge to [bus 19]
[    1.786063] pci 0000:00:17.6:   bridge window [mem 0xfba00000-0xfbafffff]
[    1.786082] pci 0000:00:17.6:   bridge window [mem 0xe6000000-0xe60fffff 64bit pref]
[    1.786127] pci 0000:00:17.7: PCI bridge to [bus 1a]
[    1.786156] pci 0000:00:17.7:   bridge window [mem 0xfb600000-0xfb6fffff]
[    1.786176] pci 0000:00:17.7:   bridge window [mem 0xe5c00000-0xe5cfffff 64bit pref]
[    1.786221] pci 0000:00:18.0: PCI bridge to [bus 1b]
[    1.786232] pci 0000:00:18.0:   bridge window [io  0x7000-0x7fff]
[    1.786260] pci 0000:00:18.0:   bridge window [mem 0xfd100000-0xfd1fffff]
[    1.786280] pci 0000:00:18.0:   bridge window [mem 0xe7700000-0xe77fffff 64bit pref]
[    1.786325] pci 0000:00:18.1: PCI bridge to [bus 1c]
[    1.786336] pci 0000:00:18.1:   bridge window [io  0xb000-0xbfff]
[    1.786365] pci 0000:00:18.1:   bridge window [mem 0xfcd00000-0xfcdfffff]
[    1.786384] pci 0000:00:18.1:   bridge window [mem 0xe7300000-0xe73fffff 64bit pref]
[    1.786429] pci 0000:00:18.2: PCI bridge to [bus 1d]
[    1.786458] pci 0000:00:18.2:   bridge window [mem 0xfc900000-0xfc9fffff]
[    1.786522] pci 0000:00:18.2:   bridge window [mem 0xe6f00000-0xe6ffffff 64bit pref]
[    1.786596] pci 0000:00:18.3: PCI bridge to [bus 1e]
[    1.786625] pci 0000:00:18.3:   bridge window [mem 0xfc500000-0xfc5fffff]
[    1.786644] pci 0000:00:18.3:   bridge window [mem 0xe6b00000-0xe6bfffff 64bit pref]
[    1.786689] pci 0000:00:18.4: PCI bridge to [bus 1f]
[    1.786718] pci 0000:00:18.4:   bridge window [mem 0xfc100000-0xfc1fffff]
[    1.786737] pci 0000:00:18.4:   bridge window [mem 0xe6700000-0xe67fffff 64bit pref]
[    1.786782] pci 0000:00:18.5: PCI bridge to [bus 20]
[    1.786811] pci 0000:00:18.5:   bridge window [mem 0xfbd00000-0xfbdfffff]
[    1.786830] pci 0000:00:18.5:   bridge window [mem 0xe6300000-0xe63fffff 64bit pref]
[    1.786876] pci 0000:00:18.6: PCI bridge to [bus 21]
[    1.786904] pci 0000:00:18.6:   bridge window [mem 0xfb900000-0xfb9fffff]
[    1.786923] pci 0000:00:18.6:   bridge window [mem 0xe5f00000-0xe5ffffff 64bit pref]
[    1.786969] pci 0000:00:18.7: PCI bridge to [bus 22]
[    1.786997] pci 0000:00:18.7:   bridge window [mem 0xfb500000-0xfb5fffff]
[    1.787017] pci 0000:00:18.7:   bridge window [mem 0xe5b00000-0xe5bfffff 64bit pref]
[    1.787062] pci_bus 0000:00: resource 4 [mem 0x000a0000-0x000bffff window]
[    1.787064] pci_bus 0000:00: resource 5 [mem 0x000d0000-0x000dbfff window]
[    1.787065] pci_bus 0000:00: resource 6 [mem 0xc0000000-0xfebfffff window]
[    1.787066] pci_bus 0000:00: resource 7 [io  0x0000-0x0cf7 window]
[    1.787067] pci_bus 0000:00: resource 8 [io  0x0d00-0xfeff window]
[    1.787068] pci_bus 0000:02: resource 0 [io  0x2000-0x3fff]
[    1.787069] pci_bus 0000:02: resource 1 [mem 0xfd500000-0xfdffffff]
[    1.787070] pci_bus 0000:02: resource 2 [mem 0xe7b00000-0xe7ffffff 64bit pref]
[    1.787071] pci_bus 0000:02: resource 4 [mem 0x000a0000-0x000bffff window]
[    1.787071] pci_bus 0000:02: resource 5 [mem 0x000d0000-0x000dbfff window]
[    1.787072] pci_bus 0000:02: resource 6 [mem 0xc0000000-0xfebfffff window]
[    1.787073] pci_bus 0000:02: resource 7 [io  0x0000-0x0cf7 window]
[    1.787074] pci_bus 0000:02: resource 8 [io  0x0d00-0xfeff window]
[    1.787075] pci_bus 0000:03: resource 0 [io  0x4000-0x4fff]
[    1.787076] pci_bus 0000:03: resource 1 [mem 0xfd400000-0xfd4fffff]
[    1.787077] pci_bus 0000:03: resource 2 [mem 0xe7a00000-0xe7afffff 64bit pref]
[    1.787078] pci_bus 0000:04: resource 0 [io  0x8000-0x8fff]
[    1.787079] pci_bus 0000:04: resource 1 [mem 0xfd000000-0xfd0fffff]
[    1.787079] pci_bus 0000:04: resource 2 [mem 0xe7600000-0xe76fffff 64bit pref]
[    1.787080] pci_bus 0000:05: resource 0 [io  0xc000-0xcfff]
[    1.787081] pci_bus 0000:05: resource 1 [mem 0xfcc00000-0xfccfffff]
[    1.787082] pci_bus 0000:05: resource 2 [mem 0xe7200000-0xe72fffff 64bit pref]
[    1.787083] pci_bus 0000:06: resource 1 [mem 0xfc800000-0xfc8fffff]
[    1.787084] pci_bus 0000:06: resource 2 [mem 0xe6e00000-0xe6efffff 64bit pref]
[    1.787085] pci_bus 0000:07: resource 1 [mem 0xfc400000-0xfc4fffff]
[    1.787085] pci_bus 0000:07: resource 2 [mem 0xe6a00000-0xe6afffff 64bit pref]
[    1.787086] pci_bus 0000:08: resource 1 [mem 0xfc000000-0xfc0fffff]
[    1.787087] pci_bus 0000:08: resource 2 [mem 0xe6600000-0xe66fffff 64bit pref]
[    1.787088] pci_bus 0000:09: resource 1 [mem 0xfbc00000-0xfbcfffff]
[    1.787089] pci_bus 0000:09: resource 2 [mem 0xe6200000-0xe62fffff 64bit pref]
[    1.787090] pci_bus 0000:0a: resource 1 [mem 0xfb800000-0xfb8fffff]
[    1.787091] pci_bus 0000:0a: resource 2 [mem 0xe5e00000-0xe5efffff 64bit pref]
[    1.787092] pci_bus 0000:0b: resource 0 [io  0x5000-0x5fff]
[    1.787092] pci_bus 0000:0b: resource 1 [mem 0xfd300000-0xfd3fffff]
[    1.787093] pci_bus 0000:0b: resource 2 [mem 0xe7900000-0xe79fffff 64bit pref]
[    1.787094] pci_bus 0000:0c: resource 0 [io  0x9000-0x9fff]
[    1.787095] pci_bus 0000:0c: resource 1 [mem 0xfcf00000-0xfcffffff]
[    1.787096] pci_bus 0000:0c: resource 2 [mem 0xe7500000-0xe75fffff 64bit pref]
[    1.787097] pci_bus 0000:0d: resource 0 [io  0xd000-0xdfff]
[    1.787097] pci_bus 0000:0d: resource 1 [mem 0xfcb00000-0xfcbfffff]
[    1.787098] pci_bus 0000:0d: resource 2 [mem 0xe7100000-0xe71fffff 64bit pref]
[    1.787099] pci_bus 0000:0e: resource 1 [mem 0xfc700000-0xfc7fffff]
[    1.787100] pci_bus 0000:0e: resource 2 [mem 0xe6d00000-0xe6dfffff 64bit pref]
[    1.787101] pci_bus 0000:0f: resource 1 [mem 0xfc300000-0xfc3fffff]
[    1.787102] pci_bus 0000:0f: resource 2 [mem 0xe6900000-0xe69fffff 64bit pref]
[    1.787103] pci_bus 0000:10: resource 1 [mem 0xfbf00000-0xfbffffff]
[    1.787103] pci_bus 0000:10: resource 2 [mem 0xe6500000-0xe65fffff 64bit pref]
[    1.787104] pci_bus 0000:11: resource 1 [mem 0xfbb00000-0xfbbfffff]
[    1.787105] pci_bus 0000:11: resource 2 [mem 0xe6100000-0xe61fffff 64bit pref]
[    1.787106] pci_bus 0000:12: resource 1 [mem 0xfb700000-0xfb7fffff]
[    1.787107] pci_bus 0000:12: resource 2 [mem 0xe5d00000-0xe5dfffff 64bit pref]
[    1.787108] pci_bus 0000:13: resource 0 [io  0x6000-0x6fff]
[    1.787108] pci_bus 0000:13: resource 1 [mem 0xfd200000-0xfd2fffff]
[    1.787109] pci_bus 0000:13: resource 2 [mem 0xe7800000-0xe78fffff 64bit pref]
[    1.787110] pci_bus 0000:14: resource 0 [io  0xa000-0xafff]
[    1.787111] pci_bus 0000:14: resource 1 [mem 0xfce00000-0xfcefffff]
[    1.787112] pci_bus 0000:14: resource 2 [mem 0xe7400000-0xe74fffff 64bit pref]
[    1.787113] pci_bus 0000:15: resource 0 [io  0xe000-0xefff]
[    1.787113] pci_bus 0000:15: resource 1 [mem 0xfca00000-0xfcafffff]
[    1.787114] pci_bus 0000:15: resource 2 [mem 0xe7000000-0xe70fffff 64bit pref]
[    1.787115] pci_bus 0000:16: resource 1 [mem 0xfc600000-0xfc6fffff]
[    1.787116] pci_bus 0000:16: resource 2 [mem 0xe6c00000-0xe6cfffff 64bit pref]
[    1.787117] pci_bus 0000:17: resource 1 [mem 0xfc200000-0xfc2fffff]
[    1.787118] pci_bus 0000:17: resource 2 [mem 0xe6800000-0xe68fffff 64bit pref]
[    1.787119] pci_bus 0000:18: resource 1 [mem 0xfbe00000-0xfbefffff]
[    1.787119] pci_bus 0000:18: resource 2 [mem 0xe6400000-0xe64fffff 64bit pref]
[    1.787120] pci_bus 0000:19: resource 1 [mem 0xfba00000-0xfbafffff]
[    1.787121] pci_bus 0000:19: resource 2 [mem 0xe6000000-0xe60fffff 64bit pref]
[    1.787122] pci_bus 0000:1a: resource 1 [mem 0xfb600000-0xfb6fffff]
[    1.787123] pci_bus 0000:1a: resource 2 [mem 0xe5c00000-0xe5cfffff 64bit pref]
[    1.787124] pci_bus 0000:1b: resource 0 [io  0x7000-0x7fff]
[    1.787125] pci_bus 0000:1b: resource 1 [mem 0xfd100000-0xfd1fffff]
[    1.787125] pci_bus 0000:1b: resource 2 [mem 0xe7700000-0xe77fffff 64bit pref]
[    1.787126] pci_bus 0000:1c: resource 0 [io  0xb000-0xbfff]
[    1.787127] pci_bus 0000:1c: resource 1 [mem 0xfcd00000-0xfcdfffff]
[    1.787128] pci_bus 0000:1c: resource 2 [mem 0xe7300000-0xe73fffff 64bit pref]
[    1.787129] pci_bus 0000:1d: resource 1 [mem 0xfc900000-0xfc9fffff]
[    1.787130] pci_bus 0000:1d: resource 2 [mem 0xe6f00000-0xe6ffffff 64bit pref]
[    1.787130] pci_bus 0000:1e: resource 1 [mem 0xfc500000-0xfc5fffff]
[    1.787131] pci_bus 0000:1e: resource 2 [mem 0xe6b00000-0xe6bfffff 64bit pref]
[    1.787132] pci_bus 0000:1f: resource 1 [mem 0xfc100000-0xfc1fffff]
[    1.787133] pci_bus 0000:1f: resource 2 [mem 0xe6700000-0xe67fffff 64bit pref]
[    1.787134] pci_bus 0000:20: resource 1 [mem 0xfbd00000-0xfbdfffff]
[    1.787135] pci_bus 0000:20: resource 2 [mem 0xe6300000-0xe63fffff 64bit pref]
[    1.787136] pci_bus 0000:21: resource 1 [mem 0xfb900000-0xfb9fffff]
[    1.787136] pci_bus 0000:21: resource 2 [mem 0xe5f00000-0xe5ffffff 64bit pref]
[    1.787137] pci_bus 0000:22: resource 1 [mem 0xfb500000-0xfb5fffff]
[    1.787138] pci_bus 0000:22: resource 2 [mem 0xe5b00000-0xe5bfffff 64bit pref]
[    1.787315] pci 0000:00:00.0: Limiting direct PCI/PCI transfers
[    1.787425] pci 0000:00:0f.0: Video device with shadowed ROM at [mem 0x000c0000-0x000dffff]
[    1.788707] pci 0000:02:01.0: CLS mismatch (32 != 64), using 64 bytes
[    1.796389] PCI-DMA: Using software bounce buffering for IO (SWIOTLB)
[    1.796392] software IO TLB: mapped [mem 0x00000000bbed0000-0x00000000bfed0000] (64MB)
[    1.797093] Trying to unpack rootfs image as initramfs...
[    1.802943] clocksource: tsc: mask: 0xffffffffffffffff max_cycles: 0x2879c989f7e, max_idle_ns: 440795237972 ns
[    1.803099] clocksource: Switched to clocksource tsc
[    1.806361] Initialise system trusted keyrings
[    1.806370] Key type blacklist registered
[    1.806802] workingset: timestamp_bits=36 max_order=21 bucket_order=0
[    1.811078] zbud: loaded
[    1.812056] squashfs: version 4.0 (2009/01/31) Phillip Lougher
[    1.812765] fuse: init (API version 7.35)
[    1.814328] integrity: Platform Keyring initialized
[    1.821048] Key type asymmetric registered
[    1.821050] Asymmetric key parser 'x509' registered
[    1.821242] Block layer SCSI generic (bsg) driver version 0.4 loaded (major 243)
[    1.821708] io scheduler mq-deadline registered
[    1.825898] pcieport 0000:00:15.0: PME: Signaling with IRQ 24
[    1.825987] pcieport 0000:00:15.0: pciehp: Slot #160 AttnBtn+ PwrCtrl+ MRL- AttnInd- PwrInd- HotPlug+ Surprise- Interlock- NoCompl+ IbPresDis- LLActRep+
[    1.828611] pcieport 0000:00:15.1: PME: Signaling with IRQ 25
[    1.828699] pcieport 0000:00:15.1: pciehp: Slot #161 AttnBtn+ PwrCtrl+ MRL- AttnInd- PwrInd- HotPlug+ Surprise- Interlock- NoCompl+ IbPresDis- LLActRep+
[    1.830661] pcieport 0000:00:15.2: PME: Signaling with IRQ 26
[    1.830747] pcieport 0000:00:15.2: pciehp: Slot #162 AttnBtn+ PwrCtrl+ MRL- AttnInd- PwrInd- HotPlug+ Surprise- Interlock- NoCompl+ IbPresDis- LLActRep+
[    1.832502] pcieport 0000:00:15.3: PME: Signaling with IRQ 27
[    1.832611] pcieport 0000:00:15.3: pciehp: Slot #163 AttnBtn+ PwrCtrl+ MRL- AttnInd- PwrInd- HotPlug+ Surprise- Interlock- NoCompl+ IbPresDis- LLActRep+
[    1.834412] pcieport 0000:00:15.4: PME: Signaling with IRQ 28
[    1.834521] pcieport 0000:00:15.4: pciehp: Slot #164 AttnBtn+ PwrCtrl+ MRL- AttnInd- PwrInd- HotPlug+ Surprise- Interlock- NoCompl+ IbPresDis- LLActRep+
[    1.836265] pcieport 0000:00:15.5: PME: Signaling with IRQ 29
[    1.836409] pcieport 0000:00:15.5: pciehp: Slot #165 AttnBtn+ PwrCtrl+ MRL- AttnInd- PwrInd- HotPlug+ Surprise- Interlock- NoCompl+ IbPresDis- LLActRep+
[    1.838283] pcieport 0000:00:15.6: PME: Signaling with IRQ 30
[    1.838431] pcieport 0000:00:15.6: pciehp: Slot #166 AttnBtn+ PwrCtrl+ MRL- AttnInd- PwrInd- HotPlug+ Surprise- Interlock- NoCompl+ IbPresDis- LLActRep+
[    1.840504] pcieport 0000:00:15.7: PME: Signaling with IRQ 31
[    1.840591] pcieport 0000:00:15.7: pciehp: Slot #167 AttnBtn+ PwrCtrl+ MRL- AttnInd- PwrInd- HotPlug+ Surprise- Interlock- NoCompl+ IbPresDis- LLActRep+
[    1.842518] pcieport 0000:00:16.0: PME: Signaling with IRQ 32
[    1.842604] pcieport 0000:00:16.0: pciehp: Slot #192 AttnBtn+ PwrCtrl+ MRL- AttnInd- PwrInd- HotPlug+ Surprise- Interlock- NoCompl+ IbPresDis- LLActRep+
[    1.844688] pcieport 0000:00:16.1: PME: Signaling with IRQ 33
[    1.844827] pcieport 0000:00:16.1: pciehp: Slot #193 AttnBtn+ PwrCtrl+ MRL- AttnInd- PwrInd- HotPlug+ Surprise- Interlock- NoCompl+ IbPresDis- LLActRep+
[    1.846580] pcieport 0000:00:16.2: PME: Signaling with IRQ 34
[    1.846732] pcieport 0000:00:16.2: pciehp: Slot #194 AttnBtn+ PwrCtrl+ MRL- AttnInd- PwrInd- HotPlug+ Surprise- Interlock- NoCompl+ IbPresDis- LLActRep+
[    1.848463] pcieport 0000:00:16.3: PME: Signaling with IRQ 35
[    1.848553] pcieport 0000:00:16.3: pciehp: Slot #195 AttnBtn+ PwrCtrl+ MRL- AttnInd- PwrInd- HotPlug+ Surprise- Interlock- NoCompl+ IbPresDis- LLActRep+
[    1.850395] pcieport 0000:00:16.4: PME: Signaling with IRQ 36
[    1.850484] pcieport 0000:00:16.4: pciehp: Slot #196 AttnBtn+ PwrCtrl+ MRL- AttnInd- PwrInd- HotPlug+ Surprise- Interlock- NoCompl+ IbPresDis- LLActRep+
[    1.851874] pcieport 0000:00:16.5: PME: Signaling with IRQ 37
[    1.851965] pcieport 0000:00:16.5: pciehp: Slot #197 AttnBtn+ PwrCtrl+ MRL- AttnInd- PwrInd- HotPlug+ Surprise- Interlock- NoCompl+ IbPresDis- LLActRep+
[    1.853353] pcieport 0000:00:16.6: PME: Signaling with IRQ 38
[    1.853466] pcieport 0000:00:16.6: pciehp: Slot #198 AttnBtn+ PwrCtrl+ MRL- AttnInd- PwrInd- HotPlug+ Surprise- Interlock- NoCompl+ IbPresDis- LLActRep+
[    1.855059] pcieport 0000:00:16.7: PME: Signaling with IRQ 39
[    1.855177] pcieport 0000:00:16.7: pciehp: Slot #199 AttnBtn+ PwrCtrl+ MRL- AttnInd- PwrInd- HotPlug+ Surprise- Interlock- NoCompl+ IbPresDis- LLActRep+
[    1.856650] pcieport 0000:00:17.0: PME: Signaling with IRQ 40
[    1.856756] pcieport 0000:00:17.0: pciehp: Slot #224 AttnBtn+ PwrCtrl+ MRL- AttnInd- PwrInd- HotPlug+ Surprise- Interlock- NoCompl+ IbPresDis- LLActRep+
[    1.858460] pcieport 0000:00:17.1: PME: Signaling with IRQ 41
[    1.858649] pcieport 0000:00:17.1: pciehp: Slot #225 AttnBtn+ PwrCtrl+ MRL- AttnInd- PwrInd- HotPlug+ Surprise- Interlock- NoCompl+ IbPresDis- LLActRep+
[    1.860123] pcieport 0000:00:17.2: PME: Signaling with IRQ 42
[    1.860211] pcieport 0000:00:17.2: pciehp: Slot #226 AttnBtn+ PwrCtrl+ MRL- AttnInd- PwrInd- HotPlug+ Surprise- Interlock- NoCompl+ IbPresDis- LLActRep+
[    1.861610] pcieport 0000:00:17.3: PME: Signaling with IRQ 43
[    1.861717] pcieport 0000:00:17.3: pciehp: Slot #227 AttnBtn+ PwrCtrl+ MRL- AttnInd- PwrInd- HotPlug+ Surprise- Interlock- NoCompl+ IbPresDis- LLActRep+
[    1.863653] pcieport 0000:00:17.4: PME: Signaling with IRQ 44
[    1.863919] pcieport 0000:00:17.4: pciehp: Slot #228 AttnBtn+ PwrCtrl+ MRL- AttnInd- PwrInd- HotPlug+ Surprise- Interlock- NoCompl+ IbPresDis- LLActRep+
[    1.865510] pcieport 0000:00:17.5: PME: Signaling with IRQ 45
[    1.865600] pcieport 0000:00:17.5: pciehp: Slot #229 AttnBtn+ PwrCtrl+ MRL- AttnInd- PwrInd- HotPlug+ Surprise- Interlock- NoCompl+ IbPresDis- LLActRep+
[    1.867003] pcieport 0000:00:17.6: PME: Signaling with IRQ 46
[    1.867095] pcieport 0000:00:17.6: pciehp: Slot #230 AttnBtn+ PwrCtrl+ MRL- AttnInd- PwrInd- HotPlug+ Surprise- Interlock- NoCompl+ IbPresDis- LLActRep+
[    1.868807] pcieport 0000:00:17.7: PME: Signaling with IRQ 47
[    1.868896] pcieport 0000:00:17.7: pciehp: Slot #231 AttnBtn+ PwrCtrl+ MRL- AttnInd- PwrInd- HotPlug+ Surprise- Interlock- NoCompl+ IbPresDis- LLActRep+
[    1.870373] pcieport 0000:00:18.0: PME: Signaling with IRQ 48
[    1.870463] pcieport 0000:00:18.0: pciehp: Slot #256 AttnBtn+ PwrCtrl+ MRL- AttnInd- PwrInd- HotPlug+ Surprise- Interlock- NoCompl+ IbPresDis- LLActRep+
[    1.871944] pcieport 0000:00:18.1: PME: Signaling with IRQ 49
[    1.872061] pcieport 0000:00:18.1: pciehp: Slot #257 AttnBtn+ PwrCtrl+ MRL- AttnInd- PwrInd- HotPlug+ Surprise- Interlock- NoCompl+ IbPresDis- LLActRep+
[    1.873391] pcieport 0000:00:18.2: PME: Signaling with IRQ 50
[    1.873539] pcieport 0000:00:18.2: pciehp: Slot #258 AttnBtn+ PwrCtrl+ MRL- AttnInd- PwrInd- HotPlug+ Surprise- Interlock- NoCompl+ IbPresDis- LLActRep+
[    1.874940] pcieport 0000:00:18.3: PME: Signaling with IRQ 51
[    1.875033] pcieport 0000:00:18.3: pciehp: Slot #259 AttnBtn+ PwrCtrl+ MRL- AttnInd- PwrInd- HotPlug+ Surprise- Interlock- NoCompl+ IbPresDis- LLActRep+
[    1.876730] pcieport 0000:00:18.4: PME: Signaling with IRQ 52
[    1.876818] pcieport 0000:00:18.4: pciehp: Slot #260 AttnBtn+ PwrCtrl+ MRL- AttnInd- PwrInd- HotPlug+ Surprise- Interlock- NoCompl+ IbPresDis- LLActRep+
[    1.878164] pcieport 0000:00:18.5: PME: Signaling with IRQ 53
[    1.878271] pcieport 0000:00:18.5: pciehp: Slot #261 AttnBtn+ PwrCtrl+ MRL- AttnInd- PwrInd- HotPlug+ Surprise- Interlock- NoCompl+ IbPresDis- LLActRep+
[    1.879963] pcieport 0000:00:18.6: PME: Signaling with IRQ 54
[    1.880126] pcieport 0000:00:18.6: pciehp: Slot #262 AttnBtn+ PwrCtrl+ MRL- AttnInd- PwrInd- HotPlug+ Surprise- Interlock- NoCompl+ IbPresDis- LLActRep+
[    1.881450] pcieport 0000:00:18.7: PME: Signaling with IRQ 55
[    1.881567] pcieport 0000:00:18.7: pciehp: Slot #263 AttnBtn+ PwrCtrl+ MRL- AttnInd- PwrInd- HotPlug+ Surprise- Interlock- NoCompl+ IbPresDis- LLActRep+
[    1.882726] shpchp: Standard Hot Plug PCI Controller Driver version: 0.4
[    1.883244] ACPI: AC: AC Adapter [ACAD] (on-line)
